Archive member included to satisfy reference by file (symbol)

/usr/lib/gcc/arm-none-eabi/9.2.1/../../../arm-none-eabi/lib/thumb/v7e-m+fp/hard/libc_nano.a(lib_a-atexit.o)
                              /usr/lib/gcc/arm-none-eabi/9.2.1/../../../arm-none-eabi/lib/thumb/v7e-m+fp/hard/crt0.o (atexit)
/usr/lib/gcc/arm-none-eabi/9.2.1/../../../arm-none-eabi/lib/thumb/v7e-m+fp/hard/libc_nano.a(lib_a-exit.o)
                              /usr/lib/gcc/arm-none-eabi/9.2.1/../../../arm-none-eabi/lib/thumb/v7e-m+fp/hard/crt0.o (exit)
/usr/lib/gcc/arm-none-eabi/9.2.1/../../../arm-none-eabi/lib/thumb/v7e-m+fp/hard/libc_nano.a(lib_a-fini.o)
                              /usr/lib/gcc/arm-none-eabi/9.2.1/../../../arm-none-eabi/lib/thumb/v7e-m+fp/hard/crt0.o (__libc_fini_array)
/usr/lib/gcc/arm-none-eabi/9.2.1/../../../arm-none-eabi/lib/thumb/v7e-m+fp/hard/libc_nano.a(lib_a-impure.o)
                              /usr/lib/gcc/arm-none-eabi/9.2.1/../../../arm-none-eabi/lib/thumb/v7e-m+fp/hard/libc_nano.a(lib_a-exit.o) (_global_impure_ptr)
/usr/lib/gcc/arm-none-eabi/9.2.1/../../../arm-none-eabi/lib/thumb/v7e-m+fp/hard/libc_nano.a(lib_a-init.o)
                              /usr/lib/gcc/arm-none-eabi/9.2.1/../../../arm-none-eabi/lib/thumb/v7e-m+fp/hard/crt0.o (__libc_init_array)
/usr/lib/gcc/arm-none-eabi/9.2.1/../../../arm-none-eabi/lib/thumb/v7e-m+fp/hard/libc_nano.a(lib_a-memcpy.o)
                              _build/nrf52840_xxaa/nrf_memobj.c.o (memcpy)
/usr/lib/gcc/arm-none-eabi/9.2.1/../../../arm-none-eabi/lib/thumb/v7e-m+fp/hard/libc_nano.a(lib_a-memset.o)
                              /usr/lib/gcc/arm-none-eabi/9.2.1/../../../arm-none-eabi/lib/thumb/v7e-m+fp/hard/crt0.o (memset)
/usr/lib/gcc/arm-none-eabi/9.2.1/../../../arm-none-eabi/lib/thumb/v7e-m+fp/hard/libc_nano.a(lib_a-strlen.o)
                              _build/nrf52840_xxaa/nrf_fprintf_format.c.o (strlen)
/usr/lib/gcc/arm-none-eabi/9.2.1/../../../arm-none-eabi/lib/thumb/v7e-m+fp/hard/libc_nano.a(lib_a-__atexit.o)
                              /usr/lib/gcc/arm-none-eabi/9.2.1/../../../arm-none-eabi/lib/thumb/v7e-m+fp/hard/libc_nano.a(lib_a-atexit.o) (__register_exitproc)
/usr/lib/gcc/arm-none-eabi/9.2.1/../../../arm-none-eabi/lib/thumb/v7e-m+fp/hard/libc_nano.a(lib_a-__call_atexit.o)
                              /usr/lib/gcc/arm-none-eabi/9.2.1/../../../arm-none-eabi/lib/thumb/v7e-m+fp/hard/libc_nano.a(lib_a-__atexit.o) (__call_exitprocs)
/usr/lib/gcc/arm-none-eabi/9.2.1/../../../arm-none-eabi/lib/thumb/v7e-m+fp/hard/libnosys.a(_exit.o)
                              /usr/lib/gcc/arm-none-eabi/9.2.1/../../../arm-none-eabi/lib/thumb/v7e-m+fp/hard/libc_nano.a(lib_a-exit.o) (_exit)

Discarded input sections

 .text          0x0000000000000000        0x0 /usr/lib/gcc/arm-none-eabi/9.2.1/thumb/v7e-m+fp/hard/crti.o
 .data          0x0000000000000000        0x0 /usr/lib/gcc/arm-none-eabi/9.2.1/thumb/v7e-m+fp/hard/crti.o
 .bss           0x0000000000000000        0x0 /usr/lib/gcc/arm-none-eabi/9.2.1/thumb/v7e-m+fp/hard/crti.o
 .data          0x0000000000000000        0x4 /usr/lib/gcc/arm-none-eabi/9.2.1/thumb/v7e-m+fp/hard/crtbegin.o
 .data          0x0000000000000000        0x0 /usr/lib/gcc/arm-none-eabi/9.2.1/../../../arm-none-eabi/lib/thumb/v7e-m+fp/hard/crt0.o
 .bss           0x0000000000000000        0x0 /usr/lib/gcc/arm-none-eabi/9.2.1/../../../arm-none-eabi/lib/thumb/v7e-m+fp/hard/crt0.o
 .ARM.extab     0x0000000000000000        0x0 /usr/lib/gcc/arm-none-eabi/9.2.1/../../../arm-none-eabi/lib/thumb/v7e-m+fp/hard/crt0.o
 .data          0x0000000000000000        0x0 _build/nrf52840_xxaa/gcc_startup_nrf52840.S.o
 .bss           0x0000000000000000        0x0 _build/nrf52840_xxaa/gcc_startup_nrf52840.S.o
 .group         0x0000000000000000        0xc _build/nrf52840_xxaa/nrf_log_frontend.c.o
 .group         0x0000000000000000        0xc _build/nrf52840_xxaa/nrf_log_frontend.c.o
 .group         0x0000000000000000        0xc _build/nrf52840_xxaa/nrf_log_frontend.c.o
 .group         0x0000000000000000        0xc _build/nrf52840_xxaa/nrf_log_frontend.c.o
 .group         0x0000000000000000        0xc _build/nrf52840_xxaa/nrf_log_frontend.c.o
 .group         0x0000000000000000        0xc _build/nrf52840_xxaa/nrf_log_frontend.c.o
 .group         0x0000000000000000        0xc _build/nrf52840_xxaa/nrf_log_frontend.c.o
 .group         0x0000000000000000        0xc _build/nrf52840_xxaa/nrf_log_frontend.c.o
 .group         0x0000000000000000        0xc _build/nrf52840_xxaa/nrf_log_frontend.c.o
 .group         0x0000000000000000        0xc _build/nrf52840_xxaa/nrf_log_frontend.c.o
 .group         0x0000000000000000        0xc _build/nrf52840_xxaa/nrf_log_frontend.c.o
 .group         0x0000000000000000        0xc _build/nrf52840_xxaa/nrf_log_frontend.c.o
 .group         0x0000000000000000        0xc _build/nrf52840_xxaa/nrf_log_frontend.c.o
 .group         0x0000000000000000        0xc _build/nrf52840_xxaa/nrf_log_frontend.c.o
[...]
Memory Configuration

Name             Origin             Length             Attributes
FLASH            0x000000000001c000 0x0000000000064000 xr
RAM              0x0000000020001198 0x000000000001ee68 xrw
*default*        0x0000000000000000 0xffffffffffffffff

Linker script and memory map


.text           0x000000000001c000      0xe30
 *(.isr_vector)
 .isr_vector    0x000000000001c000      0x200 _build/nrf52840_xxaa/gcc_startup_nrf52840.S.o
                0x000000000001c000                __isr_vector
 *(.text*)
 .text          0x000000000001c200       0x88 /usr/lib/gcc/arm-none-eabi/9.2.1/thumb/v7e-m+fp/hard/crtbegin.o
 .text          0x000000000001c288       0x70 /usr/lib/gcc/arm-none-eabi/9.2.1/../../../arm-none-eabi/lib/thumb/v7e-m+fp/hard/crt0.o
                0x000000000001c288                _stack_init
                0x000000000001c290                _mainCRTStartup
                0x000000000001c290                _start
 .text          0x000000000001c2f8       0x3c _build/nrf52840_xxaa/gcc_startup_nrf52840.S.o
                0x000000000001c2f8                Reset_Handler
                0x000000000001c320                NMI_Handler
                0x000000000001c322                HardFault_Handler
                0x000000000001c324                MemoryManagement_Handler
                0x000000000001c326                BusFault_Handler
                0x000000000001c328                UsageFault_Handler
                0x000000000001c32a                SVC_Handler
                0x000000000001c32c                DebugMon_Handler
                0x000000000001c32e                PendSV_Handler
                0x000000000001c330                SysTick_Handler
                0x000000000001c332                TIMER2_IRQHandler
                0x000000000001c332                RTC0_IRQHandler
                0x000000000001c332                SWI0_EGU0_IRQHandler
                0x000000000001c332                SWI2_EGU2_IRQHandler
                0x000000000001c332                GPIOTE_IRQHandler
                0x000000000001c332                PWM1_IRQHandler
                0x000000000001c332                POWER_CLOCK_IRQHandler
                0x000000000001c332                RADIO_IRQHandler
                0x000000000001c332                PDM_IRQHandler
                0x000000000001c332                TEMP_IRQHandler
                0x000000000001c332                QDEC_IRQHandler
                0x000000000001c332                TIMER3_IRQHandler
                0x000000000001c332                PWM3_IRQHandler
                0x000000000001c332                FPU_IRQHandler
                0x000000000001c332                USBD_IRQHandler
                0x000000000001c332                SPIM0_SPIS0_TWIM0_TWIS0_SPI0_TWI0_IRQHandler
                0x000000000001c332                UARTE0_UART0_IRQHandler
                0x000000000001c332                TIMER4_IRQHandler
                0x000000000001c332                CRYPTOCELL_IRQHandler
                0x000000000001c332                I2S_IRQHandler
                0x000000000001c332                SWI4_EGU4_IRQHandler
                0x000000000001c332                TIMER0_IRQHandler
                0x000000000001c332                UARTE1_IRQHandler
                0x000000000001c332                TIMER1_IRQHandler
                0x000000000001c332                SPIM3_IRQHandler
                0x000000000001c332                PWM2_IRQHandler
                0x000000000001c332                ECB_IRQHandler
                0x000000000001c332                SPIM1_SPIS1_TWIM1_TWIS1_SPI1_TWI1_IRQHandler
                0x000000000001c332                Default_Handler
                0x000000000001c332                SAADC_IRQHandler
                0x000000000001c332                CCM_AAR_IRQHandler
                0x000000000001c332                WDT_IRQHandler
                0x000000000001c332                SWI5_EGU5_IRQHandler
                0x000000000001c332                RNG_IRQHandler
                0x000000000001c332                RTC2_IRQHandler
                0x000000000001c332                SWI3_EGU3_IRQHandler
                0x000000000001c332                RTC1_IRQHandler
                0x000000000001c332                SWI1_EGU1_IRQHandler
                0x000000000001c332                SPIM2_SPIS2_SPI2_IRQHandler
                0x000000000001c332                NFCT_IRQHandler
                0x000000000001c332                MWU_IRQHandler
                0x000000000001c332                QSPI_IRQHandler
                0x000000000001c332                COMP_LPCOMP_IRQHandler
 .text.pwm_init
                0x000000000001c334       0x34 _build/nrf52840_xxaa/main.c.o
                0x000000000001c334                pwm_init
 .text.startup.main
                0x000000000001c368      0x114 _build/nrf52840_xxaa/main.c.o
                0x000000000001c368                main
 .text.nrfx_pwm_init
                0x000000000001c47c      0x2e0 _build/nrf52840_xxaa/nrfx_pwm.c.o
                0x000000000001c47c                nrfx_pwm_init
 .text.nrfx_pwm_simple_playback
                0x000000000001c75c       0xfc _build/nrf52840_xxaa/nrfx_pwm.c.o
                0x000000000001c75c                nrfx_pwm_simple_playback
 .text.PWM0_IRQHandler
                0x000000000001c858       0xbc _build/nrf52840_xxaa/nrfx_pwm.c.o
                0x000000000001c858                PWM0_IRQHandler
 .text.SystemInit
                0x000000000001c914      0x254 _build/nrf52840_xxaa/system_nrf52840.c.o
                0x000000000001c914                SystemInit
 .text          0x000000000001cb68        0xc /usr/lib/gcc/arm-none-eabi/9.2.1/../../../arm-none-eabi/lib/thumb/v7e-m+fp/hard/libc_nano.a(lib_a-atexit.o)
                0x000000000001cb68                atexit
 .text          0x000000000001cb74       0x28 /usr/lib/gcc/arm-none-eabi/9.2.1/../../../arm-none-eabi/lib/thumb/v7e-m+fp/hard/libc_nano.a(lib_a-exit.o)
                0x000000000001cb74                exit
 .text          0x000000000001cb9c       0x34 /usr/lib/gcc/arm-none-eabi/9.2.1/../../../arm-none-eabi/lib/thumb/v7e-m+fp/hard/libc_nano.a(lib_a-fini.o)
                0x000000000001cb9c                __libc_fini_array
 .text          0x000000000001cbd0       0x48 /usr/lib/gcc/arm-none-eabi/9.2.1/../../../arm-none-eabi/lib/thumb/v7e-m+fp/hard/libc_nano.a(lib_a-init.o)
                0x000000000001cbd0                __libc_init_array
 .text          0x000000000001cc18       0xa0 /usr/lib/gcc/arm-none-eabi/9.2.1/../../../arm-none-eabi/lib/thumb/v7e-m+fp/hard/libc_nano.a(lib_a-memset.o)
                0x000000000001cc18                memset
 .text          0x000000000001ccb8       0xa0 /usr/lib/gcc/arm-none-eabi/9.2.1/../../../arm-none-eabi/lib/thumb/v7e-m+fp/hard/libc_nano.a(lib_a-__atexit.o)
                0x000000000001ccb8                __register_exitproc
 .text          0x000000000001cd58       0x9c /usr/lib/gcc/arm-none-eabi/9.2.1/../../../arm-none-eabi/lib/thumb/v7e-m+fp/hard/libc_nano.a(lib_a-__call_atexit.o)
                0x000000000001cd58                __call_exitprocs
 .text          0x000000000001cdf4        0x4 /usr/lib/gcc/arm-none-eabi/9.2.1/../../../arm-none-eabi/lib/thumb/v7e-m+fp/hard/libnosys.a(_exit.o)
                0x000000000001cdf4                _exit
 *(.init)
 .init          0x000000000001cdf8        0x4 /usr/lib/gcc/arm-none-eabi/9.2.1/thumb/v7e-m+fp/hard/crti.o
                0x000000000001cdf8                _init
 .init          0x000000000001cdfc        0x8 /usr/lib/gcc/arm-none-eabi/9.2.1/thumb/v7e-m+fp/hard/crtn.o
 *(.fini)
 .fini          0x000000000001ce04        0x4 /usr/lib/gcc/arm-none-eabi/9.2.1/thumb/v7e-m+fp/hard/crti.o
                0x000000000001ce04                _fini
 .fini          0x000000000001ce08        0x8 /usr/lib/gcc/arm-none-eabi/9.2.1/thumb/v7e-m+fp/hard/crtn.o
 *crtbegin.o(.ctors)
 *crtbegin?.o(.ctors)
 *(EXCLUDE_FILE(*crtend.o *crtend?.o) .ctors)
 *(SORT_BY_NAME(.ctors.*))
 *(.ctors)
 *crtbegin.o(.dtors)
 *crtbegin?.o(.dtors)
 *(EXCLUDE_FILE(*crtend.o *crtend?.o) .dtors)
 *(SORT_BY_NAME(.dtors.*))
 *(.dtors)
 *(.rodata*)
 .rodata.delay_machine_code.8413
                0x000000000001ce10        0x6 _build/nrf52840_xxaa/main.c.o
 *fill*         0x000000000001ce16        0x2 
 .rodata.CSWTCH.15
                0x000000000001ce18        0x6 _build/nrf52840_xxaa/system_nrf52840.c.o
 *fill*         0x000000000001ce1e        0x2 
 .rodata.CSWTCH.6
                0x000000000001ce20        0x6 _build/nrf52840_xxaa/system_nrf52840.c.o
 *fill*         0x000000000001ce26        0x2 
 .rodata        0x000000000001ce28        0x4 /usr/lib/gcc/arm-none-eabi/9.2.1/../../../arm-none-eabi/lib/thumb/v7e-m+fp/hard/libc_nano.a(lib_a-impure.o)
                0x000000000001ce28                _global_impure_ptr
 *(.eh_frame*)
 .eh_frame      0x000000000001ce2c        0x0 /usr/lib/gcc/arm-none-eabi/9.2.1/thumb/v7e-m+fp/hard/crtbegin.o
 .eh_frame      0x000000000001ce2c        0x4 /usr/lib/gcc/arm-none-eabi/9.2.1/thumb/v7e-m+fp/hard/crtend.o

.glue_7         0x000000000001ce30        0x0
 .glue_7        0x000000000001ce30        0x0 linker stubs

.glue_7t        0x000000000001ce30        0x0
 .glue_7t       0x000000000001ce30        0x0 linker stubs

.vfp11_veneer   0x000000000001ce30        0x0
 .vfp11_veneer  0x000000000001ce30        0x0 linker stubs

.v4_bx          0x000000000001ce30        0x0
 .v4_bx         0x000000000001ce30        0x0 linker stubs

.iplt           0x000000000001ce30        0x0
 .iplt          0x000000000001ce30        0x0 /usr/lib/gcc/arm-none-eabi/9.2.1/thumb/v7e-m+fp/hard/crtbegin.o

.mem_section_dummy_rom

.log_const_data
                0x000000000001ce30        0x0
                [!provide]                        PROVIDE (__start_log_const_data = .)
 *(SORT_BY_NAME(.log_const_data*))
                [!provide]                        PROVIDE (__stop_log_const_data = .)

.log_backends   0x000000000001ce30        0x0
                [!provide]                        PROVIDE (__start_log_backends = .)
 *(SORT_BY_NAME(.log_backends*))
                [!provide]                        PROVIDE (__stop_log_backends = .)

.nrf_balloc     0x000000000001ce30        0x0
                [!provide]                        PROVIDE (__start_nrf_balloc = .)
 *(.nrf_balloc)
                [!provide]                        PROVIDE (__stop_nrf_balloc = .)

.ARM.extab
 *(.ARM.extab* .gnu.linkonce.armextab.*)
                0x000000000001ce30                __exidx_start = .

.ARM.exidx      0x000000000001ce30        0x8
 *(.ARM.exidx* .gnu.linkonce.armexidx.*)
 .ARM.exidx     0x000000000001ce30        0x8 /usr/lib/gcc/arm-none-eabi/9.2.1/../../../arm-none-eabi/lib/thumb/v7e-m+fp/hard/crt0.o
                                         0x10 (size before relaxing)
                0x000000000001ce38                __exidx_end = .

.rel.dyn        0x000000000001ce38        0x0
 .rel.iplt      0x000000000001ce38        0x0 /usr/lib/gcc/arm-none-eabi/9.2.1/thumb/v7e-m+fp/hard/crtbegin.o
                0x000000000001ce38                . = ALIGN (0x4)
                0x000000000001ce38                __etext = .

.data           0x0000000020001198       0x98 load address 0x000000000001ce38
                0x0000000020001198                __data_start__ = .
 *(vtable)
 *(.data*)
 .data.digits   0x0000000020001198       0x10 _build/nrf52840_xxaa/main.c.o
                0x0000000020001198                digits
 .data.m_pwm0   0x00000000200011a8        0x8 _build/nrf52840_xxaa/main.c.o
                0x00000000200011a8                m_pwm0
 .data.pwm_seq  0x00000000200011b0       0x10 _build/nrf52840_xxaa/main.c.o
                0x00000000200011b0                pwm_seq
 .data.SystemCoreClock
                0x00000000200011c0        0x4 _build/nrf52840_xxaa/system_nrf52840.c.o
                0x00000000200011c0                SystemCoreClock
 .data          0x00000000200011c4       0x64 /usr/lib/gcc/arm-none-eabi/9.2.1/../../../arm-none-eabi/lib/thumb/v7e-m+fp/hard/libc_nano.a(lib_a-impure.o)
                0x00000000200011c4                _impure_ptr
                0x0000000020001228                . = ALIGN (0x4)
                0x0000000020001228                PROVIDE (__preinit_array_start = .)
 *(.preinit_array)
                0x0000000020001228                PROVIDE (__preinit_array_end = .)
                0x0000000020001228                . = ALIGN (0x4)
                0x0000000020001228                PROVIDE (__init_array_start = .)
 *(SORT_BY_NAME(.init_array.*))
 *(.init_array)
 .init_array    0x0000000020001228        0x4 /usr/lib/gcc/arm-none-eabi/9.2.1/thumb/v7e-m+fp/hard/crtbegin.o
                0x000000002000122c                PROVIDE (__init_array_end = .)
                0x000000002000122c                . = ALIGN (0x4)
                0x000000002000122c                PROVIDE (__fini_array_start = .)
 *(SORT_BY_NAME(.fini_array.*))
 *(.fini_array)
 .fini_array    0x000000002000122c        0x4 /usr/lib/gcc/arm-none-eabi/9.2.1/thumb/v7e-m+fp/hard/crtbegin.o
                0x0000000020001230                PROVIDE (__fini_array_end = .)
 *(.jcr*)
                0x0000000020001230                . = ALIGN (0x4)
                0x0000000020001230                __data_end__ = .
LOAD /usr/lib/gcc/arm-none-eabi/9.2.1/thumb/v7e-m+fp/hard/crti.o
LOAD /usr/lib/gcc/arm-none-eabi/9.2.1/thumb/v7e-m+fp/hard/crtbegin.o
LOAD /usr/lib/gcc/arm-none-eabi/9.2.1/../../../arm-none-eabi/lib/thumb/v7e-m+fp/hard/crt0.o
LOAD _build/nrf52840_xxaa/gcc_startup_nrf52840.S.o
LOAD _build/nrf52840_xxaa/nrf_log_frontend.c.o
LOAD _build/nrf52840_xxaa/nrf_log_str_formatter.c.o
LOAD _build/nrf52840_xxaa/boards.c.o
LOAD _build/nrf52840_xxaa/app_error.c.o
LOAD _build/nrf52840_xxaa/app_error_handler_gcc.c.o
LOAD _build/nrf52840_xxaa/app_error_weak.c.o
LOAD _build/nrf52840_xxaa/app_util_platform.c.o
LOAD _build/nrf52840_xxaa/nrf_assert.c.o
LOAD _build/nrf52840_xxaa/nrf_atomic.c.o
LOAD _build/nrf52840_xxaa/nrf_balloc.c.o
LOAD _build/nrf52840_xxaa/nrf_fprintf.c.o
LOAD _build/nrf52840_xxaa/nrf_fprintf_format.c.o
LOAD _build/nrf52840_xxaa/nrf_memobj.c.o
LOAD _build/nrf52840_xxaa/nrf_ringbuf.c.o
LOAD _build/nrf52840_xxaa/nrf_strerror.c.o
LOAD _build/nrf52840_xxaa/nrfx_atomic.c.o
LOAD _build/nrf52840_xxaa/main.c.o
LOAD _build/nrf52840_xxaa/nrfx_pwm.c.o
LOAD _build/nrf52840_xxaa/system_nrf52840.c.o
LOAD /usr/lib/gcc/arm-none-eabi/9.2.1/../../../arm-none-eabi/lib/thumb/v7e-m+fp/hard/libc_nano.a
LOAD /usr/lib/gcc/arm-none-eabi/9.2.1/../../../arm-none-eabi/lib/thumb/v7e-m+fp/hard/libnosys.a
LOAD /usr/lib/gcc/arm-none-eabi/9.2.1/../../../arm-none-eabi/lib/thumb/v7e-m+fp/hard/libm.a
START GROUP
LOAD /usr/lib/gcc/arm-none-eabi/9.2.1/thumb/v7e-m+fp/hard/libgcc.a
LOAD /usr/lib/gcc/arm-none-eabi/9.2.1/../../../arm-none-eabi/lib/thumb/v7e-m+fp/hard/libg_nano.a
LOAD /usr/lib/gcc/arm-none-eabi/9.2.1/../../../arm-none-eabi/lib/thumb/v7e-m+fp/hard/libc_nano.a
END GROUP
START GROUP
LOAD /usr/lib/gcc/arm-none-eabi/9.2.1/thumb/v7e-m+fp/hard/libgcc.a
LOAD /usr/lib/gcc/arm-none-eabi/9.2.1/../../../arm-none-eabi/lib/thumb/v7e-m+fp/hard/libc_nano.a
END GROUP
LOAD /usr/lib/gcc/arm-none-eabi/9.2.1/thumb/v7e-m+fp/hard/crtend.o
LOAD /usr/lib/gcc/arm-none-eabi/9.2.1/thumb/v7e-m+fp/hard/crtn.o
START GROUP
LOAD /usr/lib/gcc/arm-none-eabi/9.2.1/thumb/v7e-m+fp/hard/libgcc.a
LOAD /usr/lib/gcc/arm-none-eabi/9.2.1/../../../arm-none-eabi/lib/thumb/v7e-m+fp/hard/libc.a
LOAD /usr/lib/gcc/arm-none-eabi/9.2.1/../../../arm-none-eabi/lib/thumb/v7e-m+fp/hard/libnosys.a
END GROUP

.tm_clone_table
                0x0000000020001230        0x0 load address 0x000000000001ced0
 .tm_clone_table
                0x0000000020001230        0x0 /usr/lib/gcc/arm-none-eabi/9.2.1/thumb/v7e-m+fp/hard/crtbegin.o
 .tm_clone_table
                0x0000000020001230        0x0 /usr/lib/gcc/arm-none-eabi/9.2.1/thumb/v7e-m+fp/hard/crtend.o

.igot.plt       0x0000000020001230        0x0 load address 0x000000000001ced0
 .igot.plt      0x0000000020001230        0x0 /usr/lib/gcc/arm-none-eabi/9.2.1/thumb/v7e-m+fp/hard/crtbegin.o
                0x0000000020001230                . = ALIGN (0x4)

.mem_section_dummy_ram

.log_dynamic_data
                0x0000000020001230        0x0
                [!provide]                        PROVIDE (__start_log_dynamic_data = .)
 *(SORT_BY_NAME(.log_dynamic_data*))
                [!provide]                        PROVIDE (__stop_log_dynamic_data = .)

.log_filter_data
                0x0000000020001230        0x0
                [!provide]                        PROVIDE (__start_log_filter_data = .)
 *(SORT_BY_NAME(.log_filter_data*))
                [!provide]                        PROVIDE (__stop_log_filter_data = .)

.bss            0x0000000020001230       0xbc load address 0x000000000001ced0
                0x0000000020001230                . = ALIGN (0x4)
                0x0000000020001230                __bss_start__ = .
 *(.bss*)
 .bss           0x0000000020001230       0x1c /usr/lib/gcc/arm-none-eabi/9.2.1/thumb/v7e-m+fp/hard/crtbegin.o
 .bss.seq_values
                0x000000002000124c        0x8 _build/nrf52840_xxaa/main.c.o
                0x000000002000124c                seq_values
 .bss.m_cb      0x0000000020001254        0x8 _build/nrf52840_xxaa/nrfx_pwm.c.o
 .bss           0x000000002000125c       0x8c /usr/lib/gcc/arm-none-eabi/9.2.1/../../../arm-none-eabi/lib/thumb/v7e-m+fp/hard/libc_nano.a(lib_a-__atexit.o)
 .bss           0x00000000200012e8        0x4 /usr/lib/gcc/arm-none-eabi/9.2.1/../../../arm-none-eabi/lib/thumb/v7e-m+fp/hard/libc_nano.a(lib_a-__call_atexit.o)
                0x00000000200012e8                _global_atexit
 *(COMMON)
                0x00000000200012ec                . = ALIGN (0x4)
                0x00000000200012ec                __bss_end__ = .

.heap           0x00000000200012f0     0x4000
                0x00000000200012f0                __HeapBase = .
                0x00000000200012f0                __end__ = .
                [!provide]                        PROVIDE (end = .)
 *(.heap*)
 .heap          0x00000000200012f0     0x4000 _build/nrf52840_xxaa/gcc_startup_nrf52840.S.o
                0x00000000200052f0                __HeapLimit = .

.stack_dummy    0x00000000200012f0     0x4000
 *(.stack*)
 .stack         0x00000000200012f0     0x4000 _build/nrf52840_xxaa/gcc_startup_nrf52840.S.o
                0x0000000020020000                __StackTop = (ORIGIN (RAM) + LENGTH (RAM))
                0x000000002001c000                __StackLimit = (__StackTop - SIZEOF (.stack_dummy))
                0x0000000020020000                PROVIDE (__stack = __StackTop)
                0x0000000000000001                ASSERT ((__StackLimit >= __HeapLimit), region RAM overflowed with stack)
                0x0000000000000098                DataInitFlashUsed = (__bss_start__ - __data_start__)
                0x0000000000000e38                CodeFlashUsed = (__etext - ORIGIN (FLASH))
                0x0000000000000ed0                TotalFlashUsed = (CodeFlashUsed + DataInitFlashUsed)
                0x0000000000000001                ASSERT ((TotalFlashUsed <= LENGTH (FLASH)), region FLASH overflowed with .data and user data)
OUTPUT(_build/nrf52840_xxaa.out elf32-littlearm)
LOAD linker stubs

.ARM.attributes
                0x0000000000000000       0x30
 .ARM.attributes
                0x0000000000000000       0x1e /usr/lib/gcc/arm-none-eabi/9.2.1/thumb/v7e-m+fp/hard/crti.o
 .ARM.attributes
                0x000000000000001e       0x34 /usr/lib/gcc/arm-none-eabi/9.2.1/thumb/v7e-m+fp/hard/crtbegin.o
 .ARM.attributes
                0x0000000000000052       0x1c /usr/lib/gcc/arm-none-eabi/9.2.1/../../../arm-none-eabi/lib/thumb/v7e-m+fp/hard/crt0.o
 .ARM.attributes
                0x000000000000006e       0x20 _build/nrf52840_xxaa/gcc_startup_nrf52840.S.o
 .ARM.attributes
                0x000000000000008e       0x34 _build/nrf52840_xxaa/main.c.o
 .ARM.attributes
                0x00000000000000c2       0x34 _build/nrf52840_xxaa/nrfx_pwm.c.o
 .ARM.attributes
                0x00000000000000f6       0x34 _build/nrf52840_xxaa/system_nrf52840.c.o
 .ARM.attributes
                0x000000000000012a       0x34 /usr/lib/gcc/arm-none-eabi/9.2.1/../../../arm-none-eabi/lib/thumb/v7e-m+fp/hard/libc_nano.a(lib_a-atexit.o)
 .ARM.attributes
                0x000000000000015e       0x34 /usr/lib/gcc/arm-none-eabi/9.2.1/../../../arm-none-eabi/lib/thumb/v7e-m+fp/hard/libc_nano.a(lib_a-exit.o)
 .ARM.attributes
                0x0000000000000192       0x34 /usr/lib/gcc/arm-none-eabi/9.2.1/../../../arm-none-eabi/lib/thumb/v7e-m+fp/hard/libc_nano.a(lib_a-fini.o)
 .ARM.attributes
                0x00000000000001c6       0x32 /usr/lib/gcc/arm-none-eabi/9.2.1/../../../arm-none-eabi/lib/thumb/v7e-m+fp/hard/libc_nano.a(lib_a-impure.o)
 .ARM.attributes
                0x00000000000001f8       0x34 /usr/lib/gcc/arm-none-eabi/9.2.1/../../../arm-none-eabi/lib/thumb/v7e-m+fp/hard/libc_nano.a(lib_a-init.o)
 .ARM.attributes
                0x000000000000022c       0x34 /usr/lib/gcc/arm-none-eabi/9.2.1/../../../arm-none-eabi/lib/thumb/v7e-m+fp/hard/libc_nano.a(lib_a-memset.o)
 .ARM.attributes
                0x0000000000000260       0x34 /usr/lib/gcc/arm-none-eabi/9.2.1/../../../arm-none-eabi/lib/thumb/v7e-m+fp/hard/libc_nano.a(lib_a-__atexit.o)
 .ARM.attributes
                0x0000000000000294       0x34 /usr/lib/gcc/arm-none-eabi/9.2.1/../../../arm-none-eabi/lib/thumb/v7e-m+fp/hard/libc_nano.a(lib_a-__call_atexit.o)
 .ARM.attributes
                0x00000000000002c8       0x34 /usr/lib/gcc/arm-none-eabi/9.2.1/../../../arm-none-eabi/lib/thumb/v7e-m+fp/hard/libnosys.a(_exit.o)
 .ARM.attributes
                0x00000000000002fc       0x32 /usr/lib/gcc/arm-none-eabi/9.2.1/thumb/v7e-m+fp/hard/crtend.o
 .ARM.attributes
                0x000000000000032e       0x1e /usr/lib/gcc/arm-none-eabi/9.2.1/thumb/v7e-m+fp/hard/crtn.o

.comment        0x0000000000000000       0xa7
 .comment       0x0000000000000000       0x59 /usr/lib/gcc/arm-none-eabi/9.2.1/thumb/v7e-m+fp/hard/crtbegin.o
                                         0x5a (size before relaxing)
 .comment       0x0000000000000059       0x5a _build/nrf52840_xxaa/main.c.o
 .comment       0x0000000000000059       0x5a _build/nrf52840_xxaa/nrfx_pwm.c.o
 .comment       0x0000000000000059       0x5a _build/nrf52840_xxaa/system_nrf52840.c.o
 .comment       0x0000000000000059       0x4e /usr/lib/gcc/arm-none-eabi/9.2.1/../../../arm-none-eabi/lib/thumb/v7e-m+fp/hard/libc_nano.a(lib_a-atexit.o)
                                         0x4f (size before relaxing)
 .comment       0x00000000000000a7       0x4f /usr/lib/gcc/arm-none-eabi/9.2.1/../../../arm-none-eabi/lib/thumb/v7e-m+fp/hard/libc_nano.a(lib_a-exit.o)
 .comment       0x00000000000000a7       0x4f /usr/lib/gcc/arm-none-eabi/9.2.1/../../../arm-none-eabi/lib/thumb/v7e-m+fp/hard/libc_nano.a(lib_a-fini.o)
 .comment       0x00000000000000a7       0x4f /usr/lib/gcc/arm-none-eabi/9.2.1/../../../arm-none-eabi/lib/thumb/v7e-m+fp/hard/libc_nano.a(lib_a-impure.o)
 .comment       0x00000000000000a7       0x4f /usr/lib/gcc/arm-none-eabi/9.2.1/../../../arm-none-eabi/lib/thumb/v7e-m+fp/hard/libc_nano.a(lib_a-init.o)
 .comment       0x00000000000000a7       0x4f /usr/lib/gcc/arm-none-eabi/9.2.1/../../../arm-none-eabi/lib/thumb/v7e-m+fp/hard/libc_nano.a(lib_a-memset.o)
 .comment       0x00000000000000a7       0x4f /usr/lib/gcc/arm-none-eabi/9.2.1/../../../arm-none-eabi/lib/thumb/v7e-m+fp/hard/libc_nano.a(lib_a-__atexit.o)
 .comment       0x00000000000000a7       0x4f /usr/lib/gcc/arm-none-eabi/9.2.1/../../../arm-none-eabi/lib/thumb/v7e-m+fp/hard/libc_nano.a(lib_a-__call_atexit.o)
 .comment       0x00000000000000a7       0x4f /usr/lib/gcc/arm-none-eabi/9.2.1/../../../arm-none-eabi/lib/thumb/v7e-m+fp/hard/libnosys.a(_exit.o)
 .comment       0x00000000000000a7       0x5a /usr/lib/gcc/arm-none-eabi/9.2.1/thumb/v7e-m+fp/hard/crtend.o

.debug_line     0x0000000000000000     0x4138
 .debug_line    0x0000000000000000       0x87 /usr/lib/gcc/arm-none-eabi/9.2.1/../../../arm-none-eabi/lib/thumb/v7e-m+fp/hard/crt0.o
 .debug_line    0x0000000000000087       0x91 _build/nrf52840_xxaa/gcc_startup_nrf52840.S.o
 .debug_line    0x0000000000000118      0xef1 _build/nrf52840_xxaa/main.c.o
 .debug_line    0x0000000000001009     0x1cb1 _build/nrf52840_xxaa/nrfx_pwm.c.o
 .debug_line    0x0000000000002cba      0x7d6 _build/nrf52840_xxaa/system_nrf52840.c.o
 .debug_line    0x0000000000003490      0x14a /usr/lib/gcc/arm-none-eabi/9.2.1/../../../arm-none-eabi/lib/thumb/v7e-m+fp/hard/libc_nano.a(lib_a-atexit.o)
 .debug_line    0x00000000000035da      0x16c /usr/lib/gcc/arm-none-eabi/9.2.1/../../../arm-none-eabi/lib/thumb/v7e-m+fp/hard/libc_nano.a(lib_a-exit.o)
 .debug_line    0x0000000000003746       0xd7 /usr/lib/gcc/arm-none-eabi/9.2.1/../../../arm-none-eabi/lib/thumb/v7e-m+fp/hard/libc_nano.a(lib_a-fini.o)
 .debug_line    0x000000000000381d       0xe3 /usr/lib/gcc/arm-none-eabi/9.2.1/../../../arm-none-eabi/lib/thumb/v7e-m+fp/hard/libc_nano.a(lib_a-impure.o)
 .debug_line    0x0000000000003900      0x10d /usr/lib/gcc/arm-none-eabi/9.2.1/../../../arm-none-eabi/lib/thumb/v7e-m+fp/hard/libc_nano.a(lib_a-init.o)
 .debug_line    0x0000000000003a0d      0x26b /usr/lib/gcc/arm-none-eabi/9.2.1/../../../arm-none-eabi/lib/thumb/v7e-m+fp/hard/libc_nano.a(lib_a-memset.o)
 .debug_line    0x0000000000003c78      0x228 /usr/lib/gcc/arm-none-eabi/9.2.1/../../../arm-none-eabi/lib/thumb/v7e-m+fp/hard/libc_nano.a(lib_a-__atexit.o)
 .debug_line    0x0000000000003ea0      0x22a /usr/lib/gcc/arm-none-eabi/9.2.1/../../../arm-none-eabi/lib/thumb/v7e-m+fp/hard/libc_nano.a(lib_a-__call_atexit.o)
 .debug_line    0x00000000000040ca       0x6e /usr/lib/gcc/arm-none-eabi/9.2.1/../../../arm-none-eabi/lib/thumb/v7e-m+fp/hard/libnosys.a(_exit.o)

.debug_info     0x0000000000000000     0xb1da
 .debug_info    0x0000000000000000       0x26 /usr/lib/gcc/arm-none-eabi/9.2.1/../../../arm-none-eabi/lib/thumb/v7e-m+fp/hard/crt0.o
 .debug_info    0x0000000000000026       0x26 _build/nrf52840_xxaa/gcc_startup_nrf52840.S.o
 .debug_info    0x000000000000004c     0x2015 _build/nrf52840_xxaa/main.c.o
 .debug_info    0x0000000000002061     0x35e2 _build/nrf52840_xxaa/nrfx_pwm.c.o
 .debug_info    0x0000000000005643     0x18c5 _build/nrf52840_xxaa/system_nrf52840.c.o
 .debug_info    0x0000000000006f08      0x995 /usr/lib/gcc/arm-none-eabi/9.2.1/../../../arm-none-eabi/lib/thumb/v7e-m+fp/hard/libc_nano.a(lib_a-atexit.o)
 .debug_info    0x000000000000789d      0x9e7 /usr/lib/gcc/arm-none-eabi/9.2.1/../../../arm-none-eabi/lib/thumb/v7e-m+fp/hard/libc_nano.a(lib_a-exit.o)
 .debug_info    0x0000000000008284      0x102 /usr/lib/gcc/arm-none-eabi/9.2.1/../../../arm-none-eabi/lib/thumb/v7e-m+fp/hard/libc_nano.a(lib_a-fini.o)
 .debug_info    0x0000000000008386      0x92a /usr/lib/gcc/arm-none-eabi/9.2.1/../../../arm-none-eabi/lib/thumb/v7e-m+fp/hard/libc_nano.a(lib_a-impure.o)
 .debug_info    0x0000000000008cb0      0x11a /usr/lib/gcc/arm-none-eabi/9.2.1/../../../arm-none-eabi/lib/thumb/v7e-m+fp/hard/libc_nano.a(lib_a-init.o)
 .debug_info    0x0000000000008dca      0xf21 /usr/lib/gcc/arm-none-eabi/9.2.1/../../../arm-none-eabi/lib/thumb/v7e-m+fp/hard/libc_nano.a(lib_a-memset.o)
 .debug_info    0x0000000000009ceb      0xa3c /usr/lib/gcc/arm-none-eabi/9.2.1/../../../arm-none-eabi/lib/thumb/v7e-m+fp/hard/libc_nano.a(lib_a-__atexit.o)
 .debug_info    0x000000000000a727      0xa10 /usr/lib/gcc/arm-none-eabi/9.2.1/../../../arm-none-eabi/lib/thumb/v7e-m+fp/hard/libc_nano.a(lib_a-__call_atexit.o)
 .debug_info    0x000000000000b137       0xa3 /usr/lib/gcc/arm-none-eabi/9.2.1/../../../arm-none-eabi/lib/thumb/v7e-m+fp/hard/libnosys.a(_exit.o)

.debug_abbrev   0x0000000000000000     0x1b6f
 .debug_abbrev  0x0000000000000000       0x14 /usr/lib/gcc/arm-none-eabi/9.2.1/../../../arm-none-eabi/lib/thumb/v7e-m+fp/hard/crt0.o
 .debug_abbrev  0x0000000000000014       0x14 _build/nrf52840_xxaa/gcc_startup_nrf52840.S.o
 .debug_abbrev  0x0000000000000028      0x4aa _build/nrf52840_xxaa/main.c.o
 .debug_abbrev  0x00000000000004d2      0x58f _build/nrf52840_xxaa/nrfx_pwm.c.o
 .debug_abbrev  0x0000000000000a61      0x334 _build/nrf52840_xxaa/system_nrf52840.c.o
 .debug_abbrev  0x0000000000000d95      0x1f4 /usr/lib/gcc/arm-none-eabi/9.2.1/../../../arm-none-eabi/lib/thumb/v7e-m+fp/hard/libc_nano.a(lib_a-atexit.o)
 .debug_abbrev  0x0000000000000f89      0x1f6 /usr/lib/gcc/arm-none-eabi/9.2.1/../../../arm-none-eabi/lib/thumb/v7e-m+fp/hard/libc_nano.a(lib_a-exit.o)
 .debug_abbrev  0x000000000000117f       0xcf /usr/lib/gcc/arm-none-eabi/9.2.1/../../../arm-none-eabi/lib/thumb/v7e-m+fp/hard/libc_nano.a(lib_a-fini.o)
 .debug_abbrev  0x000000000000124e      0x17a /usr/lib/gcc/arm-none-eabi/9.2.1/../../../arm-none-eabi/lib/thumb/v7e-m+fp/hard/libc_nano.a(lib_a-impure.o)
 .debug_abbrev  0x00000000000013c8       0xcc /usr/lib/gcc/arm-none-eabi/9.2.1/../../../arm-none-eabi/lib/thumb/v7e-m+fp/hard/libc_nano.a(lib_a-init.o)
 .debug_abbrev  0x0000000000001494      0x1d9 /usr/lib/gcc/arm-none-eabi/9.2.1/../../../arm-none-eabi/lib/thumb/v7e-m+fp/hard/libc_nano.a(lib_a-memset.o)
 .debug_abbrev  0x000000000000166d      0x261 /usr/lib/gcc/arm-none-eabi/9.2.1/../../../arm-none-eabi/lib/thumb/v7e-m+fp/hard/libc_nano.a(lib_a-__atexit.o)
 .debug_abbrev  0x00000000000018ce      0x237 /usr/lib/gcc/arm-none-eabi/9.2.1/../../../arm-none-eabi/lib/thumb/v7e-m+fp/hard/libc_nano.a(lib_a-__call_atexit.o)
 .debug_abbrev  0x0000000000001b05       0x6a /usr/lib/gcc/arm-none-eabi/9.2.1/../../../arm-none-eabi/lib/thumb/v7e-m+fp/hard/libnosys.a(_exit.o)

.debug_aranges  0x0000000000000000      0x238
 .debug_aranges
                0x0000000000000000       0x20 /usr/lib/gcc/arm-none-eabi/9.2.1/../../../arm-none-eabi/lib/thumb/v7e-m+fp/hard/crt0.o
 .debug_aranges
                0x0000000000000020       0x20 _build/nrf52840_xxaa/gcc_startup_nrf52840.S.o
 .debug_aranges
                0x0000000000000040       0x58 _build/nrf52840_xxaa/main.c.o
 .debug_aranges
                0x0000000000000098       0x50 _build/nrf52840_xxaa/nrfx_pwm.c.o
 .debug_aranges
                0x00000000000000e8       0x38 _build/nrf52840_xxaa/system_nrf52840.c.o
 .debug_aranges
                0x0000000000000120       0x20 /usr/lib/gcc/arm-none-eabi/9.2.1/../../../arm-none-eabi/lib/thumb/v7e-m+fp/hard/libc_nano.a(lib_a-atexit.o)
 .debug_aranges
                0x0000000000000140       0x20 /usr/lib/gcc/arm-none-eabi/9.2.1/../../../arm-none-eabi/lib/thumb/v7e-m+fp/hard/libc_nano.a(lib_a-exit.o)
 .debug_aranges
                0x0000000000000160       0x20 /usr/lib/gcc/arm-none-eabi/9.2.1/../../../arm-none-eabi/lib/thumb/v7e-m+fp/hard/libc_nano.a(lib_a-fini.o)
 .debug_aranges
                0x0000000000000180       0x18 /usr/lib/gcc/arm-none-eabi/9.2.1/../../../arm-none-eabi/lib/thumb/v7e-m+fp/hard/libc_nano.a(lib_a-impure.o)
 .debug_aranges
                0x0000000000000198       0x20 /usr/lib/gcc/arm-none-eabi/9.2.1/../../../arm-none-eabi/lib/thumb/v7e-m+fp/hard/libc_nano.a(lib_a-init.o)
 .debug_aranges
                0x00000000000001b8       0x20 /usr/lib/gcc/arm-none-eabi/9.2.1/../../../arm-none-eabi/lib/thumb/v7e-m+fp/hard/libc_nano.a(lib_a-memset.o)
 .debug_aranges
                0x00000000000001d8       0x20 /usr/lib/gcc/arm-none-eabi/9.2.1/../../../arm-none-eabi/lib/thumb/v7e-m+fp/hard/libc_nano.a(lib_a-__atexit.o)
 .debug_aranges
                0x00000000000001f8       0x20 /usr/lib/gcc/arm-none-eabi/9.2.1/../../../arm-none-eabi/lib/thumb/v7e-m+fp/hard/libc_nano.a(lib_a-__call_atexit.o)
 .debug_aranges
                0x0000000000000218       0x20 /usr/lib/gcc/arm-none-eabi/9.2.1/../../../arm-none-eabi/lib/thumb/v7e-m+fp/hard/libnosys.a(_exit.o)

.debug_str      0x0000000000000000    0x927b9
 .debug_str     0x0000000000000000       0x98 /usr/lib/gcc/arm-none-eabi/9.2.1/../../../arm-none-eabi/lib/thumb/v7e-m+fp/hard/crt0.o
 .debug_str     0x0000000000000098       0x64 _build/nrf52840_xxaa/gcc_startup_nrf52840.S.o
                                         0x70 (size before relaxing)
 .debug_str     0x00000000000000fc    0x85e90 _build/nrf52840_xxaa/main.c.o
                                      0x87201 (size before relaxing)
 .debug_str     0x0000000000085f8c     0x39c8 _build/nrf52840_xxaa/nrfx_pwm.c.o
                                      0x8aae2 (size before relaxing)
 .debug_str     0x0000000000089954     0x8524 _build/nrf52840_xxaa/system_nrf52840.c.o
                                      0x7e728 (size before relaxing)
 .debug_str     0x0000000000091e78      0x1ee /usr/lib/gcc/arm-none-eabi/9.2.1/../../../arm-none-eabi/lib/thumb/v7e-m+fp/hard/libc_nano.a(lib_a-atexit.o)
                                        0x62d (size before relaxing)
 .debug_str     0x0000000000092066       0x6f /usr/lib/gcc/arm-none-eabi/9.2.1/../../../arm-none-eabi/lib/thumb/v7e-m+fp/hard/libc_nano.a(lib_a-exit.o)
                                        0x62e (size before relaxing)
 .debug_str     0x00000000000920d5       0xcc /usr/lib/gcc/arm-none-eabi/9.2.1/../../../arm-none-eabi/lib/thumb/v7e-m+fp/hard/libc_nano.a(lib_a-fini.o)
                                        0x1ff (size before relaxing)
 .debug_str     0x00000000000921a1       0xa0 /usr/lib/gcc/arm-none-eabi/9.2.1/../../../arm-none-eabi/lib/thumb/v7e-m+fp/hard/libc_nano.a(lib_a-impure.o)
                                        0x5e2 (size before relaxing)
 .debug_str     0x0000000000092241       0x90 /usr/lib/gcc/arm-none-eabi/9.2.1/../../../arm-none-eabi/lib/thumb/v7e-m+fp/hard/libc_nano.a(lib_a-init.o)
                                        0x229 (size before relaxing)
 .debug_str     0x00000000000922d1      0x314 /usr/lib/gcc/arm-none-eabi/9.2.1/../../../arm-none-eabi/lib/thumb/v7e-m+fp/hard/libc_nano.a(lib_a-memset.o)
                                        0x90f (size before relaxing)
 .debug_str     0x00000000000925e5       0x82 /usr/lib/gcc/arm-none-eabi/9.2.1/../../../arm-none-eabi/lib/thumb/v7e-m+fp/hard/libc_nano.a(lib_a-__atexit.o)
                                        0x680 (size before relaxing)
 .debug_str     0x0000000000092667       0x49 /usr/lib/gcc/arm-none-eabi/9.2.1/../../../arm-none-eabi/lib/thumb/v7e-m+fp/hard/libc_nano.a(lib_a-__call_atexit.o)
                                        0x62b (size before relaxing)
 .debug_str     0x00000000000926b0      0x109 /usr/lib/gcc/arm-none-eabi/9.2.1/../../../arm-none-eabi/lib/thumb/v7e-m+fp/hard/libnosys.a(_exit.o)
                                        0x19f (size before relaxing)

.debug_loc      0x0000000000000000     0x38d7
 .debug_loc     0x0000000000000000      0xcc9 _build/nrf52840_xxaa/main.c.o
 .debug_loc     0x0000000000000cc9     0x226b _build/nrf52840_xxaa/nrfx_pwm.c.o
 .debug_loc     0x0000000000002f34      0x278 _build/nrf52840_xxaa/system_nrf52840.c.o
 .debug_loc     0x00000000000031ac       0x32 /usr/lib/gcc/arm-none-eabi/9.2.1/../../../arm-none-eabi/lib/thumb/v7e-m+fp/hard/libc_nano.a(lib_a-atexit.o)
 .debug_loc     0x00000000000031de       0x22 /usr/lib/gcc/arm-none-eabi/9.2.1/../../../arm-none-eabi/lib/thumb/v7e-m+fp/hard/libc_nano.a(lib_a-exit.o)
 .debug_loc     0x0000000000003200       0x68 /usr/lib/gcc/arm-none-eabi/9.2.1/../../../arm-none-eabi/lib/thumb/v7e-m+fp/hard/libc_nano.a(lib_a-fini.o)
 .debug_loc     0x0000000000003268       0xba /usr/lib/gcc/arm-none-eabi/9.2.1/../../../arm-none-eabi/lib/thumb/v7e-m+fp/hard/libc_nano.a(lib_a-init.o)
 .debug_loc     0x0000000000003322      0x231 /usr/lib/gcc/arm-none-eabi/9.2.1/../../../arm-none-eabi/lib/thumb/v7e-m+fp/hard/libc_nano.a(lib_a-memset.o)
 .debug_loc     0x0000000000003553      0x230 /usr/lib/gcc/arm-none-eabi/9.2.1/../../../arm-none-eabi/lib/thumb/v7e-m+fp/hard/libc_nano.a(lib_a-__atexit.o)
 .debug_loc     0x0000000000003783      0x13f /usr/lib/gcc/arm-none-eabi/9.2.1/../../../arm-none-eabi/lib/thumb/v7e-m+fp/hard/libc_nano.a(lib_a-__call_atexit.o)
 .debug_loc     0x00000000000038c2       0x15 /usr/lib/gcc/arm-none-eabi/9.2.1/../../../arm-none-eabi/lib/thumb/v7e-m+fp/hard/libnosys.a(_exit.o)

.debug_ranges   0x0000000000000000      0xc88
 .debug_ranges  0x0000000000000000      0x428 _build/nrf52840_xxaa/main.c.o
 .debug_ranges  0x0000000000000428      0x6e0 _build/nrf52840_xxaa/nrfx_pwm.c.o
 .debug_ranges  0x0000000000000b08      0x158 _build/nrf52840_xxaa/system_nrf52840.c.o
 .debug_ranges  0x0000000000000c60       0x28 /usr/lib/gcc/arm-none-eabi/9.2.1/../../../arm-none-eabi/lib/thumb/v7e-m+fp/hard/libc_nano.a(lib_a-__call_atexit.o)

.debug_macro    0x0000000000000000     0x1ffc
 .debug_macro   0x0000000000000000      0x375 _build/nrf52840_xxaa/main.c.o
 .debug_macro   0x0000000000000375       0x10 _build/nrf52840_xxaa/main.c.o
 .debug_macro   0x0000000000000385       0x1c _build/nrf52840_xxaa/main.c.o
 .debug_macro   0x00000000000003a1       0x1c _build/nrf52840_xxaa/main.c.o
 .debug_macro   0x00000000000003bd      0x3e6 _build/nrf52840_xxaa/nrfx_pwm.c.o
 .debug_macro   0x00000000000007a3       0x22 _build/nrf52840_xxaa/nrfx_pwm.c.o
 .debug_macro   0x00000000000007c5       0x1c _build/nrf52840_xxaa/nrfx_pwm.c.o
 .debug_macro   0x00000000000007e1       0x37 _build/nrf52840_xxaa/nrfx_pwm.c.o
 .debug_macro   0x0000000000000818       0x10 _build/nrf52840_xxaa/nrfx_pwm.c.o
 .debug_macro   0x0000000000000828      0x179 _build/nrf52840_xxaa/nrfx_pwm.c.o
 .debug_macro   0x00000000000009a1       0x42 _build/nrf52840_xxaa/nrfx_pwm.c.o
 .debug_macro   0x00000000000009e3      0x10f _build/nrf52840_xxaa/system_nrf52840.c.o
 .debug_macro   0x0000000000000af2      0x44e _build/nrf52840_xxaa/system_nrf52840.c.o
 .debug_macro   0x0000000000000f40      0xa28 _build/nrf52840_xxaa/system_nrf52840.c.o
 .debug_macro   0x0000000000001968      0x520 _build/nrf52840_xxaa/system_nrf52840.c.o
 .debug_macro   0x0000000000001e88      0x164 _build/nrf52840_xxaa/system_nrf52840.c.o
 .debug_macro   0x0000000000001fec       0x10 _build/nrf52840_xxaa/system_nrf52840.c.o

.debug_frame    0x0000000000000000      0x3f4
 .debug_frame   0x0000000000000000       0xf4 _build/nrf52840_xxaa/main.c.o
 .debug_frame   0x00000000000000f4      0x130 _build/nrf52840_xxaa/nrfx_pwm.c.o
 .debug_frame   0x0000000000000224       0x5c _build/nrf52840_xxaa/system_nrf52840.c.o
 .debug_frame   0x0000000000000280       0x20 /usr/lib/gcc/arm-none-eabi/9.2.1/../../../arm-none-eabi/lib/thumb/v7e-m+fp/hard/libc_nano.a(lib_a-atexit.o)
 .debug_frame   0x00000000000002a0       0x28 /usr/lib/gcc/arm-none-eabi/9.2.1/../../../arm-none-eabi/lib/thumb/v7e-m+fp/hard/libc_nano.a(lib_a-exit.o)
 .debug_frame   0x00000000000002c8       0x34 /usr/lib/gcc/arm-none-eabi/9.2.1/../../../arm-none-eabi/lib/thumb/v7e-m+fp/hard/libc_nano.a(lib_a-fini.o)
 .debug_frame   0x00000000000002fc       0x2c /usr/lib/gcc/arm-none-eabi/9.2.1/../../../arm-none-eabi/lib/thumb/v7e-m+fp/hard/libc_nano.a(lib_a-init.o)
 .debug_frame   0x0000000000000328       0x38 /usr/lib/gcc/arm-none-eabi/9.2.1/../../../arm-none-eabi/lib/thumb/v7e-m+fp/hard/libc_nano.a(lib_a-memset.o)
 .debug_frame   0x0000000000000360       0x34 /usr/lib/gcc/arm-none-eabi/9.2.1/../../../arm-none-eabi/lib/thumb/v7e-m+fp/hard/libc_nano.a(lib_a-__atexit.o)
 .debug_frame   0x0000000000000394       0x40 /usr/lib/gcc/arm-none-eabi/9.2.1/../../../arm-none-eabi/lib/thumb/v7e-m+fp/hard/libc_nano.a(lib_a-__call_atexit.o)
 .debug_frame   0x00000000000003d4       0x20 /usr/lib/gcc/arm-none-eabi/9.2.1/../../../arm-none-eabi/lib/thumb/v7e-m+fp/hard/libnosys.a(_exit.o)
