Archive member included to satisfy reference by file (symbol)

/usr/lib/gcc/arm-none-eabi/9.2.1/../../../arm-none-eabi/lib/thumb/v7e-m+fp/hard/libc_nano.a(lib_a-atexit.o)
                              /usr/lib/gcc/arm-none-eabi/9.2.1/../../../arm-none-eabi/lib/thumb/v7e-m+fp/hard/crt0.o (atexit)
/usr/lib/gcc/arm-none-eabi/9.2.1/../../../arm-none-eabi/lib/thumb/v7e-m+fp/hard/libc_nano.a(lib_a-exit.o)
                              /usr/lib/gcc/arm-none-eabi/9.2.1/../../../arm-none-eabi/lib/thumb/v7e-m+fp/hard/crt0.o (exit)
/usr/lib/gcc/arm-none-eabi/9.2.1/../../../arm-none-eabi/lib/thumb/v7e-m+fp/hard/libc_nano.a(lib_a-fini.o)
                              /usr/lib/gcc/arm-none-eabi/9.2.1/../../../arm-none-eabi/lib/thumb/v7e-m+fp/hard/crt0.o (__libc_fini_array)
/usr/lib/gcc/arm-none-eabi/9.2.1/../../../arm-none-eabi/lib/thumb/v7e-m+fp/hard/libc_nano.a(lib_a-impure.o)
                              /usr/lib/gcc/arm-none-eabi/9.2.1/../../../arm-none-eabi/lib/thumb/v7e-m+fp/hard/libc_nano.a(lib_a-exit.o) (_global_impure_ptr)
/usr/lib/gcc/arm-none-eabi/9.2.1/../../../arm-none-eabi/lib/thumb/v7e-m+fp/hard/libc_nano.a(lib_a-init.o)
                              /usr/lib/gcc/arm-none-eabi/9.2.1/../../../arm-none-eabi/lib/thumb/v7e-m+fp/hard/crt0.o (__libc_init_array)
/usr/lib/gcc/arm-none-eabi/9.2.1/../../../arm-none-eabi/lib/thumb/v7e-m+fp/hard/libc_nano.a(lib_a-memcpy.o)
                              _build/nrf52840_xxaa/nrf_memobj.c.o (memcpy)
/usr/lib/gcc/arm-none-eabi/9.2.1/../../../arm-none-eabi/lib/thumb/v7e-m+fp/hard/libc_nano.a(lib_a-memset.o)
                              /usr/lib/gcc/arm-none-eabi/9.2.1/../../../arm-none-eabi/lib/thumb/v7e-m+fp/hard/crt0.o (memset)
/usr/lib/gcc/arm-none-eabi/9.2.1/../../../arm-none-eabi/lib/thumb/v7e-m+fp/hard/libc_nano.a(lib_a-__atexit.o)
                              /usr/lib/gcc/arm-none-eabi/9.2.1/../../../arm-none-eabi/lib/thumb/v7e-m+fp/hard/libc_nano.a(lib_a-atexit.o) (__register_exitproc)
/usr/lib/gcc/arm-none-eabi/9.2.1/../../../arm-none-eabi/lib/thumb/v7e-m+fp/hard/libc_nano.a(lib_a-__call_atexit.o)
                              /usr/lib/gcc/arm-none-eabi/9.2.1/../../../arm-none-eabi/lib/thumb/v7e-m+fp/hard/libc_nano.a(lib_a-__atexit.o) (__call_exitprocs)
/usr/lib/gcc/arm-none-eabi/9.2.1/../../../arm-none-eabi/lib/thumb/v7e-m+fp/hard/libnosys.a(_exit.o)
                              /usr/lib/gcc/arm-none-eabi/9.2.1/../../../arm-none-eabi/lib/thumb/v7e-m+fp/hard/libc_nano.a(lib_a-exit.o) (_exit)

Allocating common symbols
Common symbol       size              file

nrfx_power_irq_enabled
                    0x1               _build/nrf52840_xxaa/nrfx_power.c.o
nrfx_clock_irq_enabled
                    0x1               _build/nrf52840_xxaa/nrfx_clock.c.o

Discarded input sections

 .text          0x0000000000000000        0x0 /usr/lib/gcc/arm-none-eabi/9.2.1/thumb/v7e-m+fp/hard/crti.o
 .data          0x0000000000000000        0x0 /usr/lib/gcc/arm-none-eabi/9.2.1/thumb/v7e-m+fp/hard/crti.o
 .bss           0x0000000000000000        0x0 /usr/lib/gcc/arm-none-eabi/9.2.1/thumb/v7e-m+fp/hard/crti.o
 .data          0x0000000000000000        0x4 /usr/lib/gcc/arm-none-eabi/9.2.1/thumb/v7e-m+fp/hard/crtbegin.o
 .data          0x0000000000000000        0x0 /usr/lib/gcc/arm-none-eabi/9.2.1/../../../arm-none-eabi/lib/thumb/v7e-m+fp/hard/crt0.o
 .bss           0x0000000000000000        0x0 /usr/lib/gcc/arm-none-eabi/9.2.1/../../../arm-none-eabi/lib/thumb/v7e-m+fp/hard/crt0.o
 .ARM.extab     0x0000000000000000        0x0 /usr/lib/gcc/arm-none-eabi/9.2.1/../../../arm-none-eabi/lib/thumb/v7e-m+fp/hard/crt0.o
 .group         0x0000000000000000        0xc _build/nrf52840_xxaa/main.c.o
 .group         0x0000000000000000        0xc _build/nrf52840_xxaa/main.c.o
 .group         0x0000000000000000        0xc _build/nrf52840_xxaa/main.c.o
 .group         0x0000000000000000        0xc _build/nrf52840_xxaa/main.c.o
 .group         0x0000000000000000        0xc _build/nrf52840_xxaa/main.c.o
 .group         0x0000000000000000        0xc _build/nrf52840_xxaa/main.c.o
 .group         0x0000000000000000        0xc _build/nrf52840_xxaa/main.c.o
 .group         0x0000000000000000        0xc _build/nrf52840_xxaa/main.c.o
 .group         0x0000000000000000        0xc _build/nrf52840_xxaa/main.c.o
 .group         0x0000000000000000        0xc _build/nrf52840_xxaa/main.c.o
 .group         0x0000000000000000        0xc _build/nrf52840_xxaa/main.c.o
 .group         0x0000000000000000        0xc _build/nrf52840_xxaa/main.c.o
 .group         0x0000000000000000        0xc _build/nrf52840_xxaa/main.c.o
 .group         0x0000000000000000        0xc _build/nrf52840_xxaa/main.c.o
 .group         0x0000000000000000        0xc _build/nrf52840_xxaa/main.c.o
 .group         0x0000000000000000        0xc _build/nrf52840_xxaa/main.c.o
 .group         0x0000000000000000        0xc _build/nrf52840_xxaa/main.c.o
 .group         0x0000000000000000        0xc _build/nrf52840_xxaa/main.c.o
[...]
Memory Configuration

Name             Origin             Length             Attributes
FLASH            0x000000000001c000 0x0000000000064000 xr
RAM              0x0000000020001198 0x000000000001ee68 xrw
*default*        0x0000000000000000 0xffffffffffffffff

Linker script and memory map


.text           0x000000000001c000     0x20d0
 *(.isr_vector)
 .isr_vector    0x000000000001c000      0x200 _build/nrf52840_xxaa/gcc_startup_nrf52840.S.o
                0x000000000001c000                __isr_vector
 *(.text*)
 .text          0x000000000001c200       0x88 /usr/lib/gcc/arm-none-eabi/9.2.1/thumb/v7e-m+fp/hard/crtbegin.o
 .text          0x000000000001c288       0x70 /usr/lib/gcc/arm-none-eabi/9.2.1/../../../arm-none-eabi/lib/thumb/v7e-m+fp/hard/crt0.o
                0x000000000001c288                _stack_init
                0x000000000001c290                _mainCRTStartup
                0x000000000001c290                _start
 .text.debounce_timer_handler
                0x000000000001c2f8        0xc _build/nrf52840_xxaa/main.c.o
                0x000000000001c2f8                debounce_timer_handler
 .text.double_click_timer_handler
                0x000000000001c304        0xc _build/nrf52840_xxaa/main.c.o
                0x000000000001c304                double_click_timer_handler
 .text.pwm_update
                0x000000000001c310       0xe8 _build/nrf52840_xxaa/main.c.o
                0x000000000001c310                pwm_update
 .text.button_handler
                0x000000000001c3f8       0x9c _build/nrf52840_xxaa/main.c.o
                0x000000000001c3f8                button_handler
 .text.pwm_init
                0x000000000001c494       0x6c _build/nrf52840_xxaa/main.c.o
                0x000000000001c494                pwm_init
 .text.button_init
                0x000000000001c500       0x74 _build/nrf52840_xxaa/main.c.o
                0x000000000001c500                button_init
 .text.startup.main
                0x000000000001c574       0x28 _build/nrf52840_xxaa/main.c.o
                0x000000000001c574                main
 .text          0x000000000001c59c       0x3c _build/nrf52840_xxaa/gcc_startup_nrf52840.S.o
                0x000000000001c59c                Reset_Handler
                0x000000000001c5c4                NMI_Handler
                0x000000000001c5c6                HardFault_Handler
                0x000000000001c5c8                MemoryManagement_Handler
                0x000000000001c5ca                BusFault_Handler
                0x000000000001c5cc                UsageFault_Handler
                0x000000000001c5ce                SVC_Handler
                0x000000000001c5d0                DebugMon_Handler
                0x000000000001c5d2                PendSV_Handler
                0x000000000001c5d4                SysTick_Handler
                0x000000000001c5d6                TIMER2_IRQHandler
                0x000000000001c5d6                RTC0_IRQHandler
                0x000000000001c5d6                SWI0_EGU0_IRQHandler
                0x000000000001c5d6                SWI2_EGU2_IRQHandler
                0x000000000001c5d6                PWM1_IRQHandler
                0x000000000001c5d6                RADIO_IRQHandler
                0x000000000001c5d6                PDM_IRQHandler
                0x000000000001c5d6                TEMP_IRQHandler
                0x000000000001c5d6                QDEC_IRQHandler
                0x000000000001c5d6                TIMER3_IRQHandler
                0x000000000001c5d6                PWM3_IRQHandler
                0x000000000001c5d6                FPU_IRQHandler
                0x000000000001c5d6                USBD_IRQHandler
                0x000000000001c5d6                SPIM0_SPIS0_TWIM0_TWIS0_SPI0_TWI0_IRQHandler
                0x000000000001c5d6                UARTE0_UART0_IRQHandler
                0x000000000001c5d6                TIMER4_IRQHandler
                0x000000000001c5d6                CRYPTOCELL_IRQHandler
                0x000000000001c5d6                I2S_IRQHandler
                0x000000000001c5d6                SWI4_EGU4_IRQHandler
                0x000000000001c5d6                TIMER0_IRQHandler
                0x000000000001c5d6                UARTE1_IRQHandler
                0x000000000001c5d6                TIMER1_IRQHandler
                0x000000000001c5d6                SPIM3_IRQHandler
                0x000000000001c5d6                PWM2_IRQHandler
                0x000000000001c5d6                ECB_IRQHandler
                0x000000000001c5d6                SPIM1_SPIS1_TWIM1_TWIS1_SPI1_TWI1_IRQHandler
                0x000000000001c5d6                Default_Handler
                0x000000000001c5d6                SAADC_IRQHandler
                0x000000000001c5d6                CCM_AAR_IRQHandler
                0x000000000001c5d6                WDT_IRQHandler
                0x000000000001c5d6                SWI5_EGU5_IRQHandler
                0x000000000001c5d6                RNG_IRQHandler
                0x000000000001c5d6                RTC2_IRQHandler
                0x000000000001c5d6                SWI3_EGU3_IRQHandler
                0x000000000001c5d6                SWI1_EGU1_IRQHandler
                0x000000000001c5d6                SPIM2_SPIS2_SPI2_IRQHandler
                0x000000000001c5d6                NFCT_IRQHandler
                0x000000000001c5d6                MWU_IRQHandler
                0x000000000001c5d6                QSPI_IRQHandler
                0x000000000001c5d6                COMP_LPCOMP_IRQHandler
 .text.SystemInit
                0x000000000001c5d8      0x254 _build/nrf52840_xxaa/system_nrf52840.c.o
                0x000000000001c5d8                SystemInit
 .text.nrfx_pwm_init
                0x000000000001c82c      0x2e0 _build/nrf52840_xxaa/nrfx_pwm.c.o
                0x000000000001c82c                nrfx_pwm_init
 .text.nrfx_pwm_simple_playback
                0x000000000001cb0c       0xfc _build/nrf52840_xxaa/nrfx_pwm.c.o
                0x000000000001cb0c                nrfx_pwm_simple_playback
 .text.PWM0_IRQHandler
                0x000000000001cc08       0xbc _build/nrf52840_xxaa/nrfx_pwm.c.o
                0x000000000001cc08                PWM0_IRQHandler
 .text.nrfx_gpiote_init
                0x000000000001ccc4       0xac _build/nrf52840_xxaa/nrfx_gpiote.c.o
                0x000000000001ccc4                nrfx_gpiote_init
 .text.nrfx_gpiote_is_init
                0x000000000001cd70       0x14 _build/nrf52840_xxaa/nrfx_gpiote.c.o
                0x000000000001cd70                nrfx_gpiote_is_init
 .text.nrfx_gpiote_in_init
                0x000000000001cd84      0x160 _build/nrf52840_xxaa/nrfx_gpiote.c.o
                0x000000000001cd84                nrfx_gpiote_in_init
 .text.nrfx_gpiote_in_event_enable
                0x000000000001cee4       0xd8 _build/nrf52840_xxaa/nrfx_gpiote.c.o
                0x000000000001cee4                nrfx_gpiote_in_event_enable
 .text.GPIOTE_IRQHandler
                0x000000000001cfbc      0x2ac _build/nrf52840_xxaa/nrfx_gpiote.c.o
                0x000000000001cfbc                GPIOTE_IRQHandler
 .text.nrfx_power_irq_handler
                0x000000000001d268       0xec _build/nrf52840_xxaa/nrfx_power.c.o
                0x000000000001d268                nrfx_power_irq_handler
 .text.POWER_CLOCK_IRQHandler
                0x000000000001d354       0x10 _build/nrf52840_xxaa/nrfx_power.c.o
                0x000000000001d354                POWER_CLOCK_IRQHandler
 .text.nrfx_clock_init
                0x000000000001d364       0x18 _build/nrf52840_xxaa/nrfx_clock.c.o
                0x000000000001d364                nrfx_clock_init
 .text.nrfx_clock_lfclk_start
                0x000000000001d37c       0x30 _build/nrf52840_xxaa/nrfx_clock.c.o
                0x000000000001d37c                nrfx_clock_lfclk_start
 .text.nrfx_clock_irq_handler
                0x000000000001d3ac       0x6c _build/nrf52840_xxaa/nrfx_clock.c.o
                0x000000000001d3ac                nrfx_clock_irq_handler
 .text.app_util_critical_region_enter
                0x000000000001d418       0x10 _build/nrf52840_xxaa/app_util_platform.c.o
                0x000000000001d418                app_util_critical_region_enter
 .text.app_util_critical_region_exit
                0x000000000001d428       0x14 _build/nrf52840_xxaa/app_util_platform.c.o
                0x000000000001d428                app_util_critical_region_exit
 .text.compare_func
                0x000000000001d43c       0x18 _build/nrf52840_xxaa/app_timer2.c.o
 .text.rtc_irq  0x000000000001d454      0x394 _build/nrf52840_xxaa/app_timer2.c.o
 .text.app_timer_init
                0x000000000001d7e8       0x6c _build/nrf52840_xxaa/app_timer2.c.o
                0x000000000001d7e8                app_timer_init
 .text.app_timer_create
                0x000000000001d854       0x2c _build/nrf52840_xxaa/app_timer2.c.o
                0x000000000001d854                app_timer_create
 .text.app_timer_start
                0x000000000001d880       0xb4 _build/nrf52840_xxaa/app_timer2.c.o
                0x000000000001d880                app_timer_start
 .text.app_timer_stop
                0x000000000001d934       0x70 _build/nrf52840_xxaa/app_timer2.c.o
                0x000000000001d934                app_timer_stop
 .text.drv_rtc_init
                0x000000000001d9a4       0x88 _build/nrf52840_xxaa/drv_rtc.c.o
                0x000000000001d9a4                drv_rtc_init
 .text.drv_rtc_start
                0x000000000001da2c        0x8 _build/nrf52840_xxaa/drv_rtc.c.o
                0x000000000001da2c                drv_rtc_start
 .text.drv_rtc_stop
                0x000000000001da34        0x8 _build/nrf52840_xxaa/drv_rtc.c.o
                0x000000000001da34                drv_rtc_stop
 .text.drv_rtc_compare_set
                0x000000000001da3c       0x4c _build/nrf52840_xxaa/drv_rtc.c.o
                0x000000000001da3c                drv_rtc_compare_set
 .text.drv_rtc_windowed_compare_set
                0x000000000001da88       0xf8 _build/nrf52840_xxaa/drv_rtc.c.o
                0x000000000001da88                drv_rtc_windowed_compare_set
 .text.drv_rtc_overflow_enable
                0x000000000001db80       0x14 _build/nrf52840_xxaa/drv_rtc.c.o
                0x000000000001db80                drv_rtc_overflow_enable
 .text.drv_rtc_overflow_pending
                0x000000000001db94       0x20 _build/nrf52840_xxaa/drv_rtc.c.o
                0x000000000001db94                drv_rtc_overflow_pending
 .text.drv_rtc_compare_disable
                0x000000000001dbb4       0x18 _build/nrf52840_xxaa/drv_rtc.c.o
                0x000000000001dbb4                drv_rtc_compare_disable
 .text.drv_rtc_compare_pending
                0x000000000001dbcc       0x20 _build/nrf52840_xxaa/drv_rtc.c.o
                0x000000000001dbcc                drv_rtc_compare_pending
 .text.drv_rtc_counter_get
                0x000000000001dbec        0x8 _build/nrf52840_xxaa/drv_rtc.c.o
                0x000000000001dbec                drv_rtc_counter_get
 .text.drv_rtc_irq_trigger
                0x000000000001dbf4       0x24 _build/nrf52840_xxaa/drv_rtc.c.o
                0x000000000001dbf4                drv_rtc_irq_trigger
 .text.RTC1_IRQHandler
                0x000000000001dc18       0x14 _build/nrf52840_xxaa/drv_rtc.c.o
                0x000000000001dc18                RTC1_IRQHandler
 .text.nrf_atfifo_init
                0x000000000001dc2c       0x30 _build/nrf52840_xxaa/nrf_atfifo.c.o
                0x000000000001dc2c                nrf_atfifo_init
 .text.nrf_atfifo_item_alloc
                0x000000000001dc5c       0x5c _build/nrf52840_xxaa/nrf_atfifo.c.o
                0x000000000001dc5c                nrf_atfifo_item_alloc
 .text.nrf_atfifo_item_put
                0x000000000001dcb8       0x20 _build/nrf52840_xxaa/nrf_atfifo.c.o
                0x000000000001dcb8                nrf_atfifo_item_put
 .text.nrf_atfifo_item_get
                0x000000000001dcd8       0x60 _build/nrf52840_xxaa/nrf_atfifo.c.o
                0x000000000001dcd8                nrf_atfifo_item_get
 .text.nrf_atfifo_item_free
                0x000000000001dd38       0x20 _build/nrf52840_xxaa/nrf_atfifo.c.o
                0x000000000001dd38                nrf_atfifo_item_free
 .text.nrf_sortlist_add
                0x000000000001dd58       0x28 _build/nrf52840_xxaa/nrf_sortlist.c.o
                0x000000000001dd58                nrf_sortlist_add
 .text.nrf_sortlist_pop
                0x000000000001dd80        0xc _build/nrf52840_xxaa/nrf_sortlist.c.o
                0x000000000001dd80                nrf_sortlist_pop
 .text.nrf_sortlist_peek
                0x000000000001dd8c        0x8 _build/nrf52840_xxaa/nrf_sortlist.c.o
                0x000000000001dd8c                nrf_sortlist_peek
 .text.nrf_sortlist_remove
                0x000000000001dd94       0x1c _build/nrf52840_xxaa/nrf_sortlist.c.o
                0x000000000001dd94                nrf_sortlist_remove
 .text          0x000000000001ddb0        0xc /usr/lib/gcc/arm-none-eabi/9.2.1/../../../arm-none-eabi/lib/thumb/v7e-m+fp/hard/libc_nano.a(lib_a-atexit.o)
                0x000000000001ddb0                atexit
 .text          0x000000000001ddbc       0x28 /usr/lib/gcc/arm-none-eabi/9.2.1/../../../arm-none-eabi/lib/thumb/v7e-m+fp/hard/libc_nano.a(lib_a-exit.o)
                0x000000000001ddbc                exit
 .text          0x000000000001dde4       0x34 /usr/lib/gcc/arm-none-eabi/9.2.1/../../../arm-none-eabi/lib/thumb/v7e-m+fp/hard/libc_nano.a(lib_a-fini.o)
                0x000000000001dde4                __libc_fini_array
 .text          0x000000000001de18       0x48 /usr/lib/gcc/arm-none-eabi/9.2.1/../../../arm-none-eabi/lib/thumb/v7e-m+fp/hard/libc_nano.a(lib_a-init.o)
                0x000000000001de18                __libc_init_array
 .text          0x000000000001de60       0xa0 /usr/lib/gcc/arm-none-eabi/9.2.1/../../../arm-none-eabi/lib/thumb/v7e-m+fp/hard/libc_nano.a(lib_a-memset.o)
                0x000000000001de60                memset
 .text          0x000000000001df00       0xa0 /usr/lib/gcc/arm-none-eabi/9.2.1/../../../arm-none-eabi/lib/thumb/v7e-m+fp/hard/libc_nano.a(lib_a-__atexit.o)
                0x000000000001df00                __register_exitproc
 .text          0x000000000001dfa0       0x9c /usr/lib/gcc/arm-none-eabi/9.2.1/../../../arm-none-eabi/lib/thumb/v7e-m+fp/hard/libc_nano.a(lib_a-__call_atexit.o)
                0x000000000001dfa0                __call_exitprocs
 .text          0x000000000001e03c        0x4 /usr/lib/gcc/arm-none-eabi/9.2.1/../../../arm-none-eabi/lib/thumb/v7e-m+fp/hard/libnosys.a(_exit.o)
                0x000000000001e03c                _exit
 *(.init)
 .init          0x000000000001e040        0x4 /usr/lib/gcc/arm-none-eabi/9.2.1/thumb/v7e-m+fp/hard/crti.o
                0x000000000001e040                _init
 .init          0x000000000001e044        0x8 /usr/lib/gcc/arm-none-eabi/9.2.1/thumb/v7e-m+fp/hard/crtn.o
 *(.fini)
 .fini          0x000000000001e04c        0x4 /usr/lib/gcc/arm-none-eabi/9.2.1/thumb/v7e-m+fp/hard/crti.o
                0x000000000001e04c                _fini
 .fini          0x000000000001e050        0x8 /usr/lib/gcc/arm-none-eabi/9.2.1/thumb/v7e-m+fp/hard/crtn.o
 *crtbegin.o(.ctors)
 *crtbegin?.o(.ctors)
 *(EXCLUDE_FILE(*crtend.o *crtend?.o) .ctors)
 *(SORT_BY_NAME(.ctors.*))
 *(.ctors)
 *crtbegin.o(.dtors)
 *crtbegin?.o(.dtors)
 *(EXCLUDE_FILE(*crtend.o *crtend?.o) .dtors)
 *(SORT_BY_NAME(.dtors.*))
 *(.dtors)
 *(.rodata*)
 .rodata        0x000000000001e058       0x1f _build/nrf52840_xxaa/main.c.o
 *fill*         0x000000000001e077        0x1 
 .rodata.debounce_timer
                0x000000000001e078        0x4 _build/nrf52840_xxaa/main.c.o
 .rodata.double_click_timer
                0x000000000001e07c        0x4 _build/nrf52840_xxaa/main.c.o
 .rodata.m_led_counts
                0x000000000001e080       0x10 _build/nrf52840_xxaa/main.c.o
 .rodata.pwm_timer
                0x000000000001e090        0x4 _build/nrf52840_xxaa/main.c.o
 .rodata.CSWTCH.15
                0x000000000001e094        0x6 _build/nrf52840_xxaa/system_nrf52840.c.o
 *fill*         0x000000000001e09a        0x2 
 .rodata.CSWTCH.6
                0x000000000001e09c        0x6 _build/nrf52840_xxaa/system_nrf52840.c.o
 *fill*         0x000000000001e0a2        0x2 
 .rodata        0x000000000001e0a4        0x4 _build/nrf52840_xxaa/app_timer2.c.o
 .rodata.m_app_timer_sortlist
                0x000000000001e0a8        0xc _build/nrf52840_xxaa/app_timer2.c.o
 *fill*         0x000000000001e0b4        0xc 
 .rodata.delay_machine_code.8413
                0x000000000001e0c0        0x6 _build/nrf52840_xxaa/drv_rtc.c.o
 *fill*         0x000000000001e0c6        0x2 
 .rodata        0x000000000001e0c8        0x4 /usr/lib/gcc/arm-none-eabi/9.2.1/../../../arm-none-eabi/lib/thumb/v7e-m+fp/hard/libc_nano.a(lib_a-impure.o)
                0x000000000001e0c8                _global_impure_ptr
 *(.eh_frame*)
 .eh_frame      0x000000000001e0cc        0x0 /usr/lib/gcc/arm-none-eabi/9.2.1/thumb/v7e-m+fp/hard/crtbegin.o
 .eh_frame      0x000000000001e0cc        0x4 /usr/lib/gcc/arm-none-eabi/9.2.1/thumb/v7e-m+fp/hard/crtend.o

.glue_7         0x000000000001e0d0        0x0
 .glue_7        0x000000000001e0d0        0x0 linker stubs

.glue_7t        0x000000000001e0d0        0x0
 .glue_7t       0x000000000001e0d0        0x0 linker stubs

.vfp11_veneer   0x000000000001e0d0        0x0
 .vfp11_veneer  0x000000000001e0d0        0x0 linker stubs

.v4_bx          0x000000000001e0d0        0x0
 .v4_bx         0x000000000001e0d0        0x0 linker stubs

.iplt           0x000000000001e0d0        0x0
 .iplt          0x000000000001e0d0        0x0 /usr/lib/gcc/arm-none-eabi/9.2.1/thumb/v7e-m+fp/hard/crtbegin.o

.mem_section_dummy_rom

.log_const_data
                0x000000000001e0d0        0x0
                [!provide]                        PROVIDE (__start_log_const_data = .)
 *(SORT_BY_NAME(.log_const_data*))
                [!provide]                        PROVIDE (__stop_log_const_data = .)

.log_backends   0x000000000001e0d0        0x0
                [!provide]                        PROVIDE (__start_log_backends = .)
 *(SORT_BY_NAME(.log_backends*))
                [!provide]                        PROVIDE (__stop_log_backends = .)

.nrf_balloc     0x000000000001e0d0        0x0
                [!provide]                        PROVIDE (__start_nrf_balloc = .)
 *(.nrf_balloc)
                [!provide]                        PROVIDE (__stop_nrf_balloc = .)

.ARM.extab
 *(.ARM.extab* .gnu.linkonce.armextab.*)
                0x000000000001e0d0                __exidx_start = .

.ARM.exidx      0x000000000001e0d0        0x8
 *(.ARM.exidx* .gnu.linkonce.armexidx.*)
 .ARM.exidx     0x000000000001e0d0        0x8 /usr/lib/gcc/arm-none-eabi/9.2.1/../../../arm-none-eabi/lib/thumb/v7e-m+fp/hard/crt0.o
                                         0x10 (size before relaxing)
                0x000000000001e0d8                __exidx_end = .

.rel.dyn        0x000000000001e0d8        0x0
 .rel.iplt      0x000000000001e0d8        0x0 /usr/lib/gcc/arm-none-eabi/9.2.1/thumb/v7e-m+fp/hard/crtbegin.o
                0x000000000001e0d8                . = ALIGN (0x4)
                0x000000000001e0d8                __etext = .

.data           0x0000000020001198       0xe8 load address 0x000000000001e0d8
                0x0000000020001198                __data_start__ = .
 *(vtable)
 *(.data*)
 .data.debounce_timer_data
                0x0000000020001198       0x20 _build/nrf52840_xxaa/main.c.o
 .data.double_click_timer_data
                0x00000000200011b8       0x20 _build/nrf52840_xxaa/main.c.o
 .data.m_fading_in
                0x00000000200011d8        0x1 _build/nrf52840_xxaa/main.c.o
 *fill*         0x00000000200011d9        0x3 
 .data.m_pwm_instance
                0x00000000200011dc        0x8 _build/nrf52840_xxaa/main.c.o
 .data.m_running
                0x00000000200011e4        0x1 _build/nrf52840_xxaa/main.c.o
 *fill*         0x00000000200011e5        0x3 
 .data.pwm_timer_data
                0x00000000200011e8       0x20 _build/nrf52840_xxaa/main.c.o
 .data.SystemCoreClock
                0x0000000020001208        0x4 _build/nrf52840_xxaa/system_nrf52840.c.o
                0x0000000020001208                SystemCoreClock
 .data.m_rtc_inst
                0x000000002000120c        0x8 _build/nrf52840_xxaa/app_timer2.c.o
 .data          0x0000000020001214       0x64 /usr/lib/gcc/arm-none-eabi/9.2.1/../../../arm-none-eabi/lib/thumb/v7e-m+fp/hard/libc_nano.a(lib_a-impure.o)
                0x0000000020001214                _impure_ptr
                0x0000000020001278                . = ALIGN (0x4)
                0x0000000020001278                PROVIDE (__preinit_array_start = .)
 *(.preinit_array)
                0x0000000020001278                PROVIDE (__preinit_array_end = .)
                0x0000000020001278                . = ALIGN (0x4)
                0x0000000020001278                PROVIDE (__init_array_start = .)
 *(SORT_BY_NAME(.init_array.*))
 *(.init_array)
 .init_array    0x0000000020001278        0x4 /usr/lib/gcc/arm-none-eabi/9.2.1/thumb/v7e-m+fp/hard/crtbegin.o
                0x000000002000127c                PROVIDE (__init_array_end = .)
                0x000000002000127c                . = ALIGN (0x4)
                0x000000002000127c                PROVIDE (__fini_array_start = .)
 *(SORT_BY_NAME(.fini_array.*))
 *(.fini_array)
 .fini_array    0x000000002000127c        0x4 /usr/lib/gcc/arm-none-eabi/9.2.1/thumb/v7e-m+fp/hard/crtbegin.o
                0x0000000020001280                PROVIDE (__fini_array_end = .)
 *(.jcr*)
                0x0000000020001280                . = ALIGN (0x4)
                0x0000000020001280                __data_end__ = .
LOAD /usr/lib/gcc/arm-none-eabi/9.2.1/thumb/v7e-m+fp/hard/crti.o
LOAD /usr/lib/gcc/arm-none-eabi/9.2.1/thumb/v7e-m+fp/hard/crtbegin.o
LOAD /usr/lib/gcc/arm-none-eabi/9.2.1/../../../arm-none-eabi/lib/thumb/v7e-m+fp/hard/crt0.o
LOAD _build/nrf52840_xxaa/main.c.o
LOAD _build/nrf52840_xxaa/gcc_startup_nrf52840.S.o
LOAD _build/nrf52840_xxaa/nrfx_atomic.c.o
LOAD _build/nrf52840_xxaa/system_nrf52840.c.o
LOAD _build/nrf52840_xxaa/nrfx_pwm.c.o
LOAD _build/nrf52840_xxaa/nrfx_gpiote.c.o
LOAD _build/nrf52840_xxaa/nrfx_power.c.o
LOAD _build/nrf52840_xxaa/nrfx_clock.c.o
LOAD _build/nrf52840_xxaa/nrfx_ppi.c.o
LOAD _build/nrf52840_xxaa/nrfx_rtc.c.o
LOAD _build/nrf52840_xxaa/boards.c.o
LOAD _build/nrf52840_xxaa/app_error.c.o
LOAD _build/nrf52840_xxaa/app_error_handler_gcc.c.o
LOAD _build/nrf52840_xxaa/app_error_weak.c.o
LOAD _build/nrf52840_xxaa/app_util_platform.c.o
LOAD _build/nrf52840_xxaa/nrf_assert.c.o
LOAD _build/nrf52840_xxaa/nrf_atomic.c.o
LOAD _build/nrf52840_xxaa/nrf_balloc.c.o
LOAD _build/nrf52840_xxaa/nrf_memobj.c.o
LOAD _build/nrf52840_xxaa/nrf_ringbuf.c.o
LOAD _build/nrf52840_xxaa/app_timer2.c.o
LOAD _build/nrf52840_xxaa/drv_rtc.c.o
LOAD _build/nrf52840_xxaa/nrf_atfifo.c.o
LOAD _build/nrf52840_xxaa/nrf_sortlist.c.o
LOAD /usr/lib/gcc/arm-none-eabi/9.2.1/../../../arm-none-eabi/lib/thumb/v7e-m+fp/hard/libc_nano.a
LOAD /usr/lib/gcc/arm-none-eabi/9.2.1/../../../arm-none-eabi/lib/thumb/v7e-m+fp/hard/libnosys.a
LOAD /usr/lib/gcc/arm-none-eabi/9.2.1/../../../arm-none-eabi/lib/thumb/v7e-m+fp/hard/libm.a
START GROUP
LOAD /usr/lib/gcc/arm-none-eabi/9.2.1/thumb/v7e-m+fp/hard/libgcc.a
LOAD /usr/lib/gcc/arm-none-eabi/9.2.1/../../../arm-none-eabi/lib/thumb/v7e-m+fp/hard/libg_nano.a
LOAD /usr/lib/gcc/arm-none-eabi/9.2.1/../../../arm-none-eabi/lib/thumb/v7e-m+fp/hard/libc_nano.a
END GROUP
START GROUP
LOAD /usr/lib/gcc/arm-none-eabi/9.2.1/thumb/v7e-m+fp/hard/libgcc.a
LOAD /usr/lib/gcc/arm-none-eabi/9.2.1/../../../arm-none-eabi/lib/thumb/v7e-m+fp/hard/libc_nano.a
END GROUP
LOAD /usr/lib/gcc/arm-none-eabi/9.2.1/thumb/v7e-m+fp/hard/crtend.o
LOAD /usr/lib/gcc/arm-none-eabi/9.2.1/thumb/v7e-m+fp/hard/crtn.o
START GROUP
LOAD /usr/lib/gcc/arm-none-eabi/9.2.1/thumb/v7e-m+fp/hard/libgcc.a
LOAD /usr/lib/gcc/arm-none-eabi/9.2.1/../../../arm-none-eabi/lib/thumb/v7e-m+fp/hard/libc.a
LOAD /usr/lib/gcc/arm-none-eabi/9.2.1/../../../arm-none-eabi/lib/thumb/v7e-m+fp/hard/libnosys.a
END GROUP

.tm_clone_table
                0x0000000020001280        0x0 load address 0x000000000001e1c0
 .tm_clone_table
                0x0000000020001280        0x0 /usr/lib/gcc/arm-none-eabi/9.2.1/thumb/v7e-m+fp/hard/crtbegin.o
 .tm_clone_table
                0x0000000020001280        0x0 /usr/lib/gcc/arm-none-eabi/9.2.1/thumb/v7e-m+fp/hard/crtend.o

.igot.plt       0x0000000020001280        0x0 load address 0x000000000001e1c0
 .igot.plt      0x0000000020001280        0x0 /usr/lib/gcc/arm-none-eabi/9.2.1/thumb/v7e-m+fp/hard/crtbegin.o
                0x0000000020001280                . = ALIGN (0x4)

.mem_section_dummy_ram

.log_dynamic_data
                0x0000000020001280        0x0
                [!provide]                        PROVIDE (__start_log_dynamic_data = .)
 *(SORT_BY_NAME(.log_dynamic_data*))
                [!provide]                        PROVIDE (__stop_log_dynamic_data = .)

.log_filter_data
                0x0000000020001280        0x0
                [!provide]                        PROVIDE (__start_log_filter_data = .)
 *(SORT_BY_NAME(.log_filter_data*))
                [!provide]                        PROVIDE (__stop_log_filter_data = .)

.bss            0x0000000020001280      0x1d8 load address 0x000000000001e1c0
                0x0000000020001280                . = ALIGN (0x4)
                0x0000000020001280                __bss_start__ = .
 *(.bss*)
 .bss           0x0000000020001280       0x1c /usr/lib/gcc/arm-none-eabi/9.2.1/thumb/v7e-m+fp/hard/crtbegin.o
 .bss.m_button_blocked
                0x000000002000129c        0x1 _build/nrf52840_xxaa/main.c.o
 *fill*         0x000000002000129d        0x3 
 .bss.m_current_blink_count
                0x00000000200012a0        0x4 _build/nrf52840_xxaa/main.c.o
 .bss.m_current_duty
                0x00000000200012a4        0x2 _build/nrf52840_xxaa/main.c.o
 *fill*         0x00000000200012a6        0x2 
 .bss.m_current_led_index
                0x00000000200012a8        0x4 _build/nrf52840_xxaa/main.c.o
 .bss.m_first_click_detected
                0x00000000200012ac        0x1 _build/nrf52840_xxaa/main.c.o
 *fill*         0x00000000200012ad        0x3 
 .bss.m_seq_values
                0x00000000200012b0        0x8 _build/nrf52840_xxaa/main.c.o
 .bss.m_cb      0x00000000200012b8        0x8 _build/nrf52840_xxaa/nrfx_pwm.c.o
 .bss.m_cb      0x00000000200012c0       0x5c _build/nrf52840_xxaa/nrfx_gpiote.c.o
 .bss.m_pofwarn_handler
                0x000000002000131c        0x4 _build/nrf52840_xxaa/nrfx_power.c.o
 .bss.m_sleepevt_handler
                0x0000000020001320        0x4 _build/nrf52840_xxaa/nrfx_power.c.o
 .bss.m_usbevt_handler
                0x0000000020001324        0x4 _build/nrf52840_xxaa/nrfx_power.c.o
 .bss.m_clock_cb
                0x0000000020001328        0x8 _build/nrf52840_xxaa/nrfx_clock.c.o
 .bss.m_in_critical_region
                0x0000000020001330        0x4 _build/nrf52840_xxaa/app_util_platform.c.o
 .bss.m_app_timer_sortlist_sortlist_cb
                0x0000000020001334        0x4 _build/nrf52840_xxaa/app_timer2.c.o
 .bss.m_base_counter
                0x0000000020001338        0x8 _build/nrf52840_xxaa/app_timer2.c.o
 .bss.m_global_active
                0x0000000020001340        0x1 _build/nrf52840_xxaa/app_timer2.c.o
 *fill*         0x0000000020001341        0x3 
 .bss.m_req_fifo_data
                0x0000000020001344       0x58 _build/nrf52840_xxaa/app_timer2.c.o
 .bss.m_req_fifo_inst
                0x000000002000139c       0x10 _build/nrf52840_xxaa/app_timer2.c.o
 *fill*         0x00000000200013ac        0x4 
 .bss.m_stamp64
                0x00000000200013b0        0x8 _build/nrf52840_xxaa/app_timer2.c.o
 .bss.mp_active_timer
                0x00000000200013b8        0x4 _build/nrf52840_xxaa/app_timer2.c.o
 .bss.m_cb      0x00000000200013bc        0x8 _build/nrf52840_xxaa/drv_rtc.c.o
 .bss.m_handlers
                0x00000000200013c4        0x4 _build/nrf52840_xxaa/drv_rtc.c.o
 .bss           0x00000000200013c8       0x8c /usr/lib/gcc/arm-none-eabi/9.2.1/../../../arm-none-eabi/lib/thumb/v7e-m+fp/hard/libc_nano.a(lib_a-__atexit.o)
 .bss           0x0000000020001454        0x4 /usr/lib/gcc/arm-none-eabi/9.2.1/../../../arm-none-eabi/lib/thumb/v7e-m+fp/hard/libc_nano.a(lib_a-__call_atexit.o)
                0x0000000020001454                _global_atexit
 *(COMMON)
                0x0000000020001458                . = ALIGN (0x4)
                0x0000000020001458                __bss_end__ = .

.heap           0x0000000020001458     0x4000
                0x0000000020001458                __HeapBase = .
                0x0000000020001458                __end__ = .
                [!provide]                        PROVIDE (end = .)
 *(.heap*)
 .heap          0x0000000020001458     0x4000 _build/nrf52840_xxaa/gcc_startup_nrf52840.S.o
                0x0000000020005458                __HeapLimit = .

.stack_dummy    0x0000000020001458     0x4000
 *(.stack*)
 .stack         0x0000000020001458     0x4000 _build/nrf52840_xxaa/gcc_startup_nrf52840.S.o
                0x0000000020020000                __StackTop = (ORIGIN (RAM) + LENGTH (RAM))
                0x000000002001c000                __StackLimit = (__StackTop - SIZEOF (.stack_dummy))
                0x0000000020020000                PROVIDE (__stack = __StackTop)
                0x0000000000000001                ASSERT ((__StackLimit >= __HeapLimit), region RAM overflowed with stack)
                0x00000000000000e8                DataInitFlashUsed = (__bss_start__ - __data_start__)
                0x00000000000020d8                CodeFlashUsed = (__etext - ORIGIN (FLASH))
                0x00000000000021c0                TotalFlashUsed = (CodeFlashUsed + DataInitFlashUsed)
                0x0000000000000001                ASSERT ((TotalFlashUsed <= LENGTH (FLASH)), region FLASH overflowed with .data and user data)
OUTPUT(_build/nrf52840_xxaa.out elf32-littlearm)
LOAD linker stubs

.ARM.attributes
                0x0000000000000000       0x30
 .ARM.attributes
                0x0000000000000000       0x1e /usr/lib/gcc/arm-none-eabi/9.2.1/thumb/v7e-m+fp/hard/crti.o
 .ARM.attributes
                0x000000000000001e       0x34 /usr/lib/gcc/arm-none-eabi/9.2.1/thumb/v7e-m+fp/hard/crtbegin.o
 .ARM.attributes
                0x0000000000000052       0x1c /usr/lib/gcc/arm-none-eabi/9.2.1/../../../arm-none-eabi/lib/thumb/v7e-m+fp/hard/crt0.o
 .ARM.attributes
                0x000000000000006e       0x34 _build/nrf52840_xxaa/main.c.o
 .ARM.attributes
                0x00000000000000a2       0x20 _build/nrf52840_xxaa/gcc_startup_nrf52840.S.o
 .ARM.attributes
                0x00000000000000c2       0x34 _build/nrf52840_xxaa/system_nrf52840.c.o
 .ARM.attributes
                0x00000000000000f6       0x34 _build/nrf52840_xxaa/nrfx_pwm.c.o
 .ARM.attributes
                0x000000000000012a       0x34 _build/nrf52840_xxaa/nrfx_gpiote.c.o
 .ARM.attributes
                0x000000000000015e       0x34 _build/nrf52840_xxaa/nrfx_power.c.o
 .ARM.attributes
                0x0000000000000192       0x34 _build/nrf52840_xxaa/nrfx_clock.c.o
 .ARM.attributes
                0x00000000000001c6       0x34 _build/nrf52840_xxaa/app_util_platform.c.o
 .ARM.attributes
                0x00000000000001fa       0x34 _build/nrf52840_xxaa/app_timer2.c.o
 .ARM.attributes
                0x000000000000022e       0x34 _build/nrf52840_xxaa/drv_rtc.c.o
 .ARM.attributes
                0x0000000000000262       0x34 _build/nrf52840_xxaa/nrf_atfifo.c.o
 .ARM.attributes
                0x0000000000000296       0x34 _build/nrf52840_xxaa/nrf_sortlist.c.o
 .ARM.attributes
                0x00000000000002ca       0x34 /usr/lib/gcc/arm-none-eabi/9.2.1/../../../arm-none-eabi/lib/thumb/v7e-m+fp/hard/libc_nano.a(lib_a-atexit.o)
 .ARM.attributes
                0x00000000000002fe       0x34 /usr/lib/gcc/arm-none-eabi/9.2.1/../../../arm-none-eabi/lib/thumb/v7e-m+fp/hard/libc_nano.a(lib_a-exit.o)
 .ARM.attributes
                0x0000000000000332       0x34 /usr/lib/gcc/arm-none-eabi/9.2.1/../../../arm-none-eabi/lib/thumb/v7e-m+fp/hard/libc_nano.a(lib_a-fini.o)
 .ARM.attributes
                0x0000000000000366       0x32 /usr/lib/gcc/arm-none-eabi/9.2.1/../../../arm-none-eabi/lib/thumb/v7e-m+fp/hard/libc_nano.a(lib_a-impure.o)
 .ARM.attributes
                0x0000000000000398       0x34 /usr/lib/gcc/arm-none-eabi/9.2.1/../../../arm-none-eabi/lib/thumb/v7e-m+fp/hard/libc_nano.a(lib_a-init.o)
 .ARM.attributes
                0x00000000000003cc       0x34 /usr/lib/gcc/arm-none-eabi/9.2.1/../../../arm-none-eabi/lib/thumb/v7e-m+fp/hard/libc_nano.a(lib_a-memset.o)
 .ARM.attributes
                0x0000000000000400       0x34 /usr/lib/gcc/arm-none-eabi/9.2.1/../../../arm-none-eabi/lib/thumb/v7e-m+fp/hard/libc_nano.a(lib_a-__atexit.o)
 .ARM.attributes
                0x0000000000000434       0x34 /usr/lib/gcc/arm-none-eabi/9.2.1/../../../arm-none-eabi/lib/thumb/v7e-m+fp/hard/libc_nano.a(lib_a-__call_atexit.o)
 .ARM.attributes
                0x0000000000000468       0x34 /usr/lib/gcc/arm-none-eabi/9.2.1/../../../arm-none-eabi/lib/thumb/v7e-m+fp/hard/libnosys.a(_exit.o)
 .ARM.attributes
                0x000000000000049c       0x32 /usr/lib/gcc/arm-none-eabi/9.2.1/thumb/v7e-m+fp/hard/crtend.o
 .ARM.attributes
                0x00000000000004ce       0x1e /usr/lib/gcc/arm-none-eabi/9.2.1/thumb/v7e-m+fp/hard/crtn.o

.comment        0x0000000000000000       0xa7
 .comment       0x0000000000000000       0x59 /usr/lib/gcc/arm-none-eabi/9.2.1/thumb/v7e-m+fp/hard/crtbegin.o
                                         0x5a (size before relaxing)
 .comment       0x0000000000000059       0x5a _build/nrf52840_xxaa/main.c.o
 .comment       0x0000000000000059       0x5a _build/nrf52840_xxaa/system_nrf52840.c.o
 .comment       0x0000000000000059       0x5a _build/nrf52840_xxaa/nrfx_pwm.c.o
 .comment       0x0000000000000059       0x5a _build/nrf52840_xxaa/nrfx_gpiote.c.o
 .comment       0x0000000000000059       0x5a _build/nrf52840_xxaa/nrfx_power.c.o
 .comment       0x0000000000000059       0x5a _build/nrf52840_xxaa/nrfx_clock.c.o
 .comment       0x0000000000000059       0x5a _build/nrf52840_xxaa/app_util_platform.c.o
 .comment       0x0000000000000059       0x5a _build/nrf52840_xxaa/app_timer2.c.o
 .comment       0x0000000000000059       0x5a _build/nrf52840_xxaa/drv_rtc.c.o
 .comment       0x0000000000000059       0x5a _build/nrf52840_xxaa/nrf_atfifo.c.o
 .comment       0x0000000000000059       0x5a _build/nrf52840_xxaa/nrf_sortlist.c.o
 .comment       0x0000000000000059       0x4e /usr/lib/gcc/arm-none-eabi/9.2.1/../../../arm-none-eabi/lib/thumb/v7e-m+fp/hard/libc_nano.a(lib_a-atexit.o)
                                         0x4f (size before relaxing)
 .comment       0x00000000000000a7       0x4f /usr/lib/gcc/arm-none-eabi/9.2.1/../../../arm-none-eabi/lib/thumb/v7e-m+fp/hard/libc_nano.a(lib_a-exit.o)
 .comment       0x00000000000000a7       0x4f /usr/lib/gcc/arm-none-eabi/9.2.1/../../../arm-none-eabi/lib/thumb/v7e-m+fp/hard/libc_nano.a(lib_a-fini.o)
 .comment       0x00000000000000a7       0x4f /usr/lib/gcc/arm-none-eabi/9.2.1/../../../arm-none-eabi/lib/thumb/v7e-m+fp/hard/libc_nano.a(lib_a-impure.o)
 .comment       0x00000000000000a7       0x4f /usr/lib/gcc/arm-none-eabi/9.2.1/../../../arm-none-eabi/lib/thumb/v7e-m+fp/hard/libc_nano.a(lib_a-init.o)
 .comment       0x00000000000000a7       0x4f /usr/lib/gcc/arm-none-eabi/9.2.1/../../../arm-none-eabi/lib/thumb/v7e-m+fp/hard/libc_nano.a(lib_a-memset.o)
 .comment       0x00000000000000a7       0x4f /usr/lib/gcc/arm-none-eabi/9.2.1/../../../arm-none-eabi/lib/thumb/v7e-m+fp/hard/libc_nano.a(lib_a-__atexit.o)
 .comment       0x00000000000000a7       0x4f /usr/lib/gcc/arm-none-eabi/9.2.1/../../../arm-none-eabi/lib/thumb/v7e-m+fp/hard/libc_nano.a(lib_a-__call_atexit.o)
 .comment       0x00000000000000a7       0x4f /usr/lib/gcc/arm-none-eabi/9.2.1/../../../arm-none-eabi/lib/thumb/v7e-m+fp/hard/libnosys.a(_exit.o)
 .comment       0x00000000000000a7       0x5a /usr/lib/gcc/arm-none-eabi/9.2.1/thumb/v7e-m+fp/hard/crtend.o

.debug_line     0x0000000000000000     0xc643
 .debug_line    0x0000000000000000       0x87 /usr/lib/gcc/arm-none-eabi/9.2.1/../../../arm-none-eabi/lib/thumb/v7e-m+fp/hard/crt0.o
 .debug_line    0x0000000000000087      0xc57 _build/nrf52840_xxaa/main.c.o
 .debug_line    0x0000000000000cde       0x91 _build/nrf52840_xxaa/gcc_startup_nrf52840.S.o
 .debug_line    0x0000000000000d6f      0x7d6 _build/nrf52840_xxaa/system_nrf52840.c.o
 .debug_line    0x0000000000001545     0x1cb2 _build/nrf52840_xxaa/nrfx_pwm.c.o
 .debug_line    0x00000000000031f7     0x2a0d _build/nrf52840_xxaa/nrfx_gpiote.c.o
 .debug_line    0x0000000000005c04     0x1012 _build/nrf52840_xxaa/nrfx_power.c.o
 .debug_line    0x0000000000006c16     0x109a _build/nrf52840_xxaa/nrfx_clock.c.o
 .debug_line    0x0000000000007cb0      0x5b6 _build/nrf52840_xxaa/app_util_platform.c.o
 .debug_line    0x0000000000008266     0x1200 _build/nrf52840_xxaa/app_timer2.c.o
 .debug_line    0x0000000000009466     0x1451 _build/nrf52840_xxaa/drv_rtc.c.o
 .debug_line    0x000000000000a8b7      0x9f5 _build/nrf52840_xxaa/nrf_atfifo.c.o
 .debug_line    0x000000000000b2ac      0x6ef _build/nrf52840_xxaa/nrf_sortlist.c.o
 .debug_line    0x000000000000b99b      0x14a /usr/lib/gcc/arm-none-eabi/9.2.1/../../../arm-none-eabi/lib/thumb/v7e-m+fp/hard/libc_nano.a(lib_a-atexit.o)
 .debug_line    0x000000000000bae5      0x16c /usr/lib/gcc/arm-none-eabi/9.2.1/../../../arm-none-eabi/lib/thumb/v7e-m+fp/hard/libc_nano.a(lib_a-exit.o)
 .debug_line    0x000000000000bc51       0xd7 /usr/lib/gcc/arm-none-eabi/9.2.1/../../../arm-none-eabi/lib/thumb/v7e-m+fp/hard/libc_nano.a(lib_a-fini.o)
 .debug_line    0x000000000000bd28       0xe3 /usr/lib/gcc/arm-none-eabi/9.2.1/../../../arm-none-eabi/lib/thumb/v7e-m+fp/hard/libc_nano.a(lib_a-impure.o)
 .debug_line    0x000000000000be0b      0x10d /usr/lib/gcc/arm-none-eabi/9.2.1/../../../arm-none-eabi/lib/thumb/v7e-m+fp/hard/libc_nano.a(lib_a-init.o)
 .debug_line    0x000000000000bf18      0x26b /usr/lib/gcc/arm-none-eabi/9.2.1/../../../arm-none-eabi/lib/thumb/v7e-m+fp/hard/libc_nano.a(lib_a-memset.o)
 .debug_line    0x000000000000c183      0x228 /usr/lib/gcc/arm-none-eabi/9.2.1/../../../arm-none-eabi/lib/thumb/v7e-m+fp/hard/libc_nano.a(lib_a-__atexit.o)
 .debug_line    0x000000000000c3ab      0x22a /usr/lib/gcc/arm-none-eabi/9.2.1/../../../arm-none-eabi/lib/thumb/v7e-m+fp/hard/libc_nano.a(lib_a-__call_atexit.o)
 .debug_line    0x000000000000c5d5       0x6e /usr/lib/gcc/arm-none-eabi/9.2.1/../../../arm-none-eabi/lib/thumb/v7e-m+fp/hard/libnosys.a(_exit.o)

.debug_info     0x0000000000000000    0x1bbf5
 .debug_info    0x0000000000000000       0x26 /usr/lib/gcc/arm-none-eabi/9.2.1/../../../arm-none-eabi/lib/thumb/v7e-m+fp/hard/crt0.o
 .debug_info    0x0000000000000026     0x1fa9 _build/nrf52840_xxaa/main.c.o
 .debug_info    0x0000000000001fcf       0x26 _build/nrf52840_xxaa/gcc_startup_nrf52840.S.o
 .debug_info    0x0000000000001ff5     0x18c5 _build/nrf52840_xxaa/system_nrf52840.c.o
 .debug_info    0x00000000000038ba     0x35e2 _build/nrf52840_xxaa/nrfx_pwm.c.o
 .debug_info    0x0000000000006e9c     0x4627 _build/nrf52840_xxaa/nrfx_gpiote.c.o
 .debug_info    0x000000000000b4c3     0x2513 _build/nrf52840_xxaa/nrfx_power.c.o
 .debug_info    0x000000000000d9d6     0x1e08 _build/nrf52840_xxaa/nrfx_clock.c.o
 .debug_info    0x000000000000f7de     0x10aa _build/nrf52840_xxaa/app_util_platform.c.o
 .debug_info    0x0000000000010888     0x237a _build/nrf52840_xxaa/app_timer2.c.o
 .debug_info    0x0000000000012c02     0x2aad _build/nrf52840_xxaa/drv_rtc.c.o
 .debug_info    0x00000000000156af     0x1550 _build/nrf52840_xxaa/nrf_atfifo.c.o
 .debug_info    0x0000000000016bff      0xd24 _build/nrf52840_xxaa/nrf_sortlist.c.o
 .debug_info    0x0000000000017923      0x995 /usr/lib/gcc/arm-none-eabi/9.2.1/../../../arm-none-eabi/lib/thumb/v7e-m+fp/hard/libc_nano.a(lib_a-atexit.o)
 .debug_info    0x00000000000182b8      0x9e7 /usr/lib/gcc/arm-none-eabi/9.2.1/../../../arm-none-eabi/lib/thumb/v7e-m+fp/hard/libc_nano.a(lib_a-exit.o)
 .debug_info    0x0000000000018c9f      0x102 /usr/lib/gcc/arm-none-eabi/9.2.1/../../../arm-none-eabi/lib/thumb/v7e-m+fp/hard/libc_nano.a(lib_a-fini.o)
 .debug_info    0x0000000000018da1      0x92a /usr/lib/gcc/arm-none-eabi/9.2.1/../../../arm-none-eabi/lib/thumb/v7e-m+fp/hard/libc_nano.a(lib_a-impure.o)
 .debug_info    0x00000000000196cb      0x11a /usr/lib/gcc/arm-none-eabi/9.2.1/../../../arm-none-eabi/lib/thumb/v7e-m+fp/hard/libc_nano.a(lib_a-init.o)
 .debug_info    0x00000000000197e5      0xf21 /usr/lib/gcc/arm-none-eabi/9.2.1/../../../arm-none-eabi/lib/thumb/v7e-m+fp/hard/libc_nano.a(lib_a-memset.o)
 .debug_info    0x000000000001a706      0xa3c /usr/lib/gcc/arm-none-eabi/9.2.1/../../../arm-none-eabi/lib/thumb/v7e-m+fp/hard/libc_nano.a(lib_a-__atexit.o)
 .debug_info    0x000000000001b142      0xa10 /usr/lib/gcc/arm-none-eabi/9.2.1/../../../arm-none-eabi/lib/thumb/v7e-m+fp/hard/libc_nano.a(lib_a-__call_atexit.o)
 .debug_info    0x000000000001bb52       0xa3 /usr/lib/gcc/arm-none-eabi/9.2.1/../../../arm-none-eabi/lib/thumb/v7e-m+fp/hard/libnosys.a(_exit.o)

.debug_abbrev   0x0000000000000000     0x40c6
 .debug_abbrev  0x0000000000000000       0x14 /usr/lib/gcc/arm-none-eabi/9.2.1/../../../arm-none-eabi/lib/thumb/v7e-m+fp/hard/crt0.o
 .debug_abbrev  0x0000000000000014      0x45e _build/nrf52840_xxaa/main.c.o
 .debug_abbrev  0x0000000000000472       0x14 _build/nrf52840_xxaa/gcc_startup_nrf52840.S.o
 .debug_abbrev  0x0000000000000486      0x334 _build/nrf52840_xxaa/system_nrf52840.c.o
 .debug_abbrev  0x00000000000007ba      0x58f _build/nrf52840_xxaa/nrfx_pwm.c.o
 .debug_abbrev  0x0000000000000d49      0x5a6 _build/nrf52840_xxaa/nrfx_gpiote.c.o
 .debug_abbrev  0x00000000000012ef      0x5d0 _build/nrf52840_xxaa/nrfx_power.c.o
 .debug_abbrev  0x00000000000018bf      0x564 _build/nrf52840_xxaa/nrfx_clock.c.o
 .debug_abbrev  0x0000000000001e23      0x37a _build/nrf52840_xxaa/app_util_platform.c.o
 .debug_abbrev  0x000000000000219d      0x585 _build/nrf52840_xxaa/app_timer2.c.o
 .debug_abbrev  0x0000000000002722      0x59c _build/nrf52840_xxaa/drv_rtc.c.o
 .debug_abbrev  0x0000000000002cbe      0x3b9 _build/nrf52840_xxaa/nrf_atfifo.c.o
 .debug_abbrev  0x0000000000003077      0x275 _build/nrf52840_xxaa/nrf_sortlist.c.o
 .debug_abbrev  0x00000000000032ec      0x1f4 /usr/lib/gcc/arm-none-eabi/9.2.1/../../../arm-none-eabi/lib/thumb/v7e-m+fp/hard/libc_nano.a(lib_a-atexit.o)
 .debug_abbrev  0x00000000000034e0      0x1f6 /usr/lib/gcc/arm-none-eabi/9.2.1/../../../arm-none-eabi/lib/thumb/v7e-m+fp/hard/libc_nano.a(lib_a-exit.o)
 .debug_abbrev  0x00000000000036d6       0xcf /usr/lib/gcc/arm-none-eabi/9.2.1/../../../arm-none-eabi/lib/thumb/v7e-m+fp/hard/libc_nano.a(lib_a-fini.o)
 .debug_abbrev  0x00000000000037a5      0x17a /usr/lib/gcc/arm-none-eabi/9.2.1/../../../arm-none-eabi/lib/thumb/v7e-m+fp/hard/libc_nano.a(lib_a-impure.o)
 .debug_abbrev  0x000000000000391f       0xcc /usr/lib/gcc/arm-none-eabi/9.2.1/../../../arm-none-eabi/lib/thumb/v7e-m+fp/hard/libc_nano.a(lib_a-init.o)
 .debug_abbrev  0x00000000000039eb      0x1d9 /usr/lib/gcc/arm-none-eabi/9.2.1/../../../arm-none-eabi/lib/thumb/v7e-m+fp/hard/libc_nano.a(lib_a-memset.o)
 .debug_abbrev  0x0000000000003bc4      0x261 /usr/lib/gcc/arm-none-eabi/9.2.1/../../../arm-none-eabi/lib/thumb/v7e-m+fp/hard/libc_nano.a(lib_a-__atexit.o)
 .debug_abbrev  0x0000000000003e25      0x237 /usr/lib/gcc/arm-none-eabi/9.2.1/../../../arm-none-eabi/lib/thumb/v7e-m+fp/hard/libc_nano.a(lib_a-__call_atexit.o)
 .debug_abbrev  0x000000000000405c       0x6a /usr/lib/gcc/arm-none-eabi/9.2.1/../../../arm-none-eabi/lib/thumb/v7e-m+fp/hard/libnosys.a(_exit.o)

.debug_aranges  0x0000000000000000      0x650
 .debug_aranges
                0x0000000000000000       0x20 /usr/lib/gcc/arm-none-eabi/9.2.1/../../../arm-none-eabi/lib/thumb/v7e-m+fp/hard/crt0.o
 .debug_aranges
                0x0000000000000020       0x58 _build/nrf52840_xxaa/main.c.o
 .debug_aranges
                0x0000000000000078       0x20 _build/nrf52840_xxaa/gcc_startup_nrf52840.S.o
 .debug_aranges
                0x0000000000000098       0x38 _build/nrf52840_xxaa/system_nrf52840.c.o
 .debug_aranges
                0x00000000000000d0       0x50 _build/nrf52840_xxaa/nrfx_pwm.c.o
 .debug_aranges
                0x0000000000000120       0xf8 _build/nrf52840_xxaa/nrfx_gpiote.c.o
 .debug_aranges
                0x0000000000000218       0xa8 _build/nrf52840_xxaa/nrfx_power.c.o
 .debug_aranges
                0x00000000000002c0       0x78 _build/nrf52840_xxaa/nrfx_clock.c.o
 .debug_aranges
                0x0000000000000338       0x48 _build/nrf52840_xxaa/app_util_platform.c.o
 .debug_aranges
                0x0000000000000380       0x70 _build/nrf52840_xxaa/app_timer2.c.o
 .debug_aranges
                0x00000000000003f0       0xb0 _build/nrf52840_xxaa/drv_rtc.c.o
 .debug_aranges
                0x00000000000004a0       0x58 _build/nrf52840_xxaa/nrf_atfifo.c.o
 .debug_aranges
                0x00000000000004f8       0x40 _build/nrf52840_xxaa/nrf_sortlist.c.o
 .debug_aranges
                0x0000000000000538       0x20 /usr/lib/gcc/arm-none-eabi/9.2.1/../../../arm-none-eabi/lib/thumb/v7e-m+fp/hard/libc_nano.a(lib_a-atexit.o)
 .debug_aranges
                0x0000000000000558       0x20 /usr/lib/gcc/arm-none-eabi/9.2.1/../../../arm-none-eabi/lib/thumb/v7e-m+fp/hard/libc_nano.a(lib_a-exit.o)
 .debug_aranges
                0x0000000000000578       0x20 /usr/lib/gcc/arm-none-eabi/9.2.1/../../../arm-none-eabi/lib/thumb/v7e-m+fp/hard/libc_nano.a(lib_a-fini.o)
 .debug_aranges
                0x0000000000000598       0x18 /usr/lib/gcc/arm-none-eabi/9.2.1/../../../arm-none-eabi/lib/thumb/v7e-m+fp/hard/libc_nano.a(lib_a-impure.o)
 .debug_aranges
                0x00000000000005b0       0x20 /usr/lib/gcc/arm-none-eabi/9.2.1/../../../arm-none-eabi/lib/thumb/v7e-m+fp/hard/libc_nano.a(lib_a-init.o)
 .debug_aranges
                0x00000000000005d0       0x20 /usr/lib/gcc/arm-none-eabi/9.2.1/../../../arm-none-eabi/lib/thumb/v7e-m+fp/hard/libc_nano.a(lib_a-memset.o)
 .debug_aranges
                0x00000000000005f0       0x20 /usr/lib/gcc/arm-none-eabi/9.2.1/../../../arm-none-eabi/lib/thumb/v7e-m+fp/hard/libc_nano.a(lib_a-__atexit.o)
 .debug_aranges
                0x0000000000000610       0x20 /usr/lib/gcc/arm-none-eabi/9.2.1/../../../arm-none-eabi/lib/thumb/v7e-m+fp/hard/libc_nano.a(lib_a-__call_atexit.o)
 .debug_aranges
                0x0000000000000630       0x20 /usr/lib/gcc/arm-none-eabi/9.2.1/../../../arm-none-eabi/lib/thumb/v7e-m+fp/hard/libnosys.a(_exit.o)

.debug_str      0x0000000000000000    0xa1dd3
 .debug_str     0x0000000000000000       0x98 /usr/lib/gcc/arm-none-eabi/9.2.1/../../../arm-none-eabi/lib/thumb/v7e-m+fp/hard/crt0.o
 .debug_str     0x0000000000000098    0x91f41 _build/nrf52840_xxaa/main.c.o
                                      0x946cd (size before relaxing)
 .debug_str     0x0000000000091fd9       0x42 _build/nrf52840_xxaa/gcc_startup_nrf52840.S.o
                                         0x70 (size before relaxing)
 .debug_str     0x000000000009201b     0x840d _build/nrf52840_xxaa/system_nrf52840.c.o
                                      0x7e753 (size before relaxing)
 .debug_str     0x000000000009a428     0x2f88 _build/nrf52840_xxaa/nrfx_pwm.c.o
                                      0x96418 (size before relaxing)
 .debug_str     0x000000000009d3b0     0x1012 _build/nrf52840_xxaa/nrfx_gpiote.c.o
                                      0x96ee0 (size before relaxing)
 .debug_str     0x000000000009e3c2      0xe29 _build/nrf52840_xxaa/nrfx_power.c.o
                                      0x932b8 (size before relaxing)
 .debug_str     0x000000000009f1eb      0x775 _build/nrf52840_xxaa/nrfx_clock.c.o
                                      0x95b1b (size before relaxing)
 .debug_str     0x000000000009f960      0x23c _build/nrf52840_xxaa/app_util_platform.c.o
                                      0x7a9ec (size before relaxing)
 .debug_str     0x000000000009fb9c      0xf83 _build/nrf52840_xxaa/app_timer2.c.o
                                      0x9631f (size before relaxing)
 .debug_str     0x00000000000a0b1f      0x6f0 _build/nrf52840_xxaa/drv_rtc.c.o
                                      0x95beb (size before relaxing)
 .debug_str     0x00000000000a120f      0x1c8 _build/nrf52840_xxaa/nrf_atfifo.c.o
                                      0x8cca4 (size before relaxing)
 .debug_str     0x00000000000a13d7       0xcd _build/nrf52840_xxaa/nrf_sortlist.c.o
                                      0x8c8f3 (size before relaxing)
 .debug_str     0x00000000000a14a4      0x1ee /usr/lib/gcc/arm-none-eabi/9.2.1/../../../arm-none-eabi/lib/thumb/v7e-m+fp/hard/libc_nano.a(lib_a-atexit.o)
                                        0x62d (size before relaxing)
 .debug_str     0x00000000000a1692       0x69 /usr/lib/gcc/arm-none-eabi/9.2.1/../../../arm-none-eabi/lib/thumb/v7e-m+fp/hard/libc_nano.a(lib_a-exit.o)
                                        0x62e (size before relaxing)
 .debug_str     0x00000000000a16fb       0xcc /usr/lib/gcc/arm-none-eabi/9.2.1/../../../arm-none-eabi/lib/thumb/v7e-m+fp/hard/libc_nano.a(lib_a-fini.o)
                                        0x1ff (size before relaxing)
 .debug_str     0x00000000000a17c7       0xa0 /usr/lib/gcc/arm-none-eabi/9.2.1/../../../arm-none-eabi/lib/thumb/v7e-m+fp/hard/libc_nano.a(lib_a-impure.o)
                                        0x5e2 (size before relaxing)
 .debug_str     0x00000000000a1867       0x90 /usr/lib/gcc/arm-none-eabi/9.2.1/../../../arm-none-eabi/lib/thumb/v7e-m+fp/hard/libc_nano.a(lib_a-init.o)
                                        0x229 (size before relaxing)
 .debug_str     0x00000000000a18f7      0x30d /usr/lib/gcc/arm-none-eabi/9.2.1/../../../arm-none-eabi/lib/thumb/v7e-m+fp/hard/libc_nano.a(lib_a-memset.o)
                                        0x90f (size before relaxing)
 .debug_str     0x00000000000a1c04       0x7d /usr/lib/gcc/arm-none-eabi/9.2.1/../../../arm-none-eabi/lib/thumb/v7e-m+fp/hard/libc_nano.a(lib_a-__atexit.o)
                                        0x680 (size before relaxing)
 .debug_str     0x00000000000a1c81       0x49 /usr/lib/gcc/arm-none-eabi/9.2.1/../../../arm-none-eabi/lib/thumb/v7e-m+fp/hard/libc_nano.a(lib_a-__call_atexit.o)
                                        0x62b (size before relaxing)
 .debug_str     0x00000000000a1cca      0x109 /usr/lib/gcc/arm-none-eabi/9.2.1/../../../arm-none-eabi/lib/thumb/v7e-m+fp/hard/libnosys.a(_exit.o)
                                        0x19f (size before relaxing)

.debug_loc      0x0000000000000000     0x9007
 .debug_loc     0x0000000000000000      0x1fd _build/nrf52840_xxaa/main.c.o
 .debug_loc     0x00000000000001fd      0x278 _build/nrf52840_xxaa/system_nrf52840.c.o
 .debug_loc     0x0000000000000475     0x226b _build/nrf52840_xxaa/nrfx_pwm.c.o
 .debug_loc     0x00000000000026e0     0x30f6 _build/nrf52840_xxaa/nrfx_gpiote.c.o
 .debug_loc     0x00000000000057d6      0x651 _build/nrf52840_xxaa/nrfx_power.c.o
 .debug_loc     0x0000000000005e27      0x3ba _build/nrf52840_xxaa/nrfx_clock.c.o
 .debug_loc     0x00000000000061e1      0x11a _build/nrf52840_xxaa/app_util_platform.c.o
 .debug_loc     0x00000000000062fb      0xa4f _build/nrf52840_xxaa/app_timer2.c.o
 .debug_loc     0x0000000000006d4a     0x1309 _build/nrf52840_xxaa/drv_rtc.c.o
 .debug_loc     0x0000000000008053      0x716 _build/nrf52840_xxaa/nrf_atfifo.c.o
 .debug_loc     0x0000000000008769      0x173 _build/nrf52840_xxaa/nrf_sortlist.c.o
 .debug_loc     0x00000000000088dc       0x32 /usr/lib/gcc/arm-none-eabi/9.2.1/../../../arm-none-eabi/lib/thumb/v7e-m+fp/hard/libc_nano.a(lib_a-atexit.o)
 .debug_loc     0x000000000000890e       0x22 /usr/lib/gcc/arm-none-eabi/9.2.1/../../../arm-none-eabi/lib/thumb/v7e-m+fp/hard/libc_nano.a(lib_a-exit.o)
 .debug_loc     0x0000000000008930       0x68 /usr/lib/gcc/arm-none-eabi/9.2.1/../../../arm-none-eabi/lib/thumb/v7e-m+fp/hard/libc_nano.a(lib_a-fini.o)
 .debug_loc     0x0000000000008998       0xba /usr/lib/gcc/arm-none-eabi/9.2.1/../../../arm-none-eabi/lib/thumb/v7e-m+fp/hard/libc_nano.a(lib_a-init.o)
 .debug_loc     0x0000000000008a52      0x231 /usr/lib/gcc/arm-none-eabi/9.2.1/../../../arm-none-eabi/lib/thumb/v7e-m+fp/hard/libc_nano.a(lib_a-memset.o)
 .debug_loc     0x0000000000008c83      0x230 /usr/lib/gcc/arm-none-eabi/9.2.1/../../../arm-none-eabi/lib/thumb/v7e-m+fp/hard/libc_nano.a(lib_a-__atexit.o)
 .debug_loc     0x0000000000008eb3      0x13f /usr/lib/gcc/arm-none-eabi/9.2.1/../../../arm-none-eabi/lib/thumb/v7e-m+fp/hard/libc_nano.a(lib_a-__call_atexit.o)
 .debug_loc     0x0000000000008ff2       0x15 /usr/lib/gcc/arm-none-eabi/9.2.1/../../../arm-none-eabi/lib/thumb/v7e-m+fp/hard/libnosys.a(_exit.o)

.debug_ranges   0x0000000000000000     0x28b0
 .debug_ranges  0x0000000000000000      0x110 _build/nrf52840_xxaa/main.c.o
 .debug_ranges  0x0000000000000110      0x158 _build/nrf52840_xxaa/system_nrf52840.c.o
 .debug_ranges  0x0000000000000268      0x6e0 _build/nrf52840_xxaa/nrfx_pwm.c.o
 .debug_ranges  0x0000000000000948      0xf50 _build/nrf52840_xxaa/nrfx_gpiote.c.o
 .debug_ranges  0x0000000000001898      0x358 _build/nrf52840_xxaa/nrfx_power.c.o
 .debug_ranges  0x0000000000001bf0      0x3c0 _build/nrf52840_xxaa/nrfx_clock.c.o
 .debug_ranges  0x0000000000001fb0       0x38 _build/nrf52840_xxaa/app_util_platform.c.o
 .debug_ranges  0x0000000000001fe8      0x2a8 _build/nrf52840_xxaa/app_timer2.c.o
 .debug_ranges  0x0000000000002290      0x420 _build/nrf52840_xxaa/drv_rtc.c.o
 .debug_ranges  0x00000000000026b0      0x1a8 _build/nrf52840_xxaa/nrf_atfifo.c.o
 .debug_ranges  0x0000000000002858       0x30 _build/nrf52840_xxaa/nrf_sortlist.c.o
 .debug_ranges  0x0000000000002888       0x28 /usr/lib/gcc/arm-none-eabi/9.2.1/../../../arm-none-eabi/lib/thumb/v7e-m+fp/hard/libc_nano.a(lib_a-__call_atexit.o)

.debug_macro    0x0000000000000000    0x1ca80
 .debug_macro   0x0000000000000000      0x3fb _build/nrf52840_xxaa/main.c.o
 .debug_macro   0x00000000000003fb      0xac0 _build/nrf52840_xxaa/main.c.o
 .debug_macro   0x0000000000000ebb       0x22 _build/nrf52840_xxaa/main.c.o
 .debug_macro   0x0000000000000edd      0x34e _build/nrf52840_xxaa/main.c.o
 .debug_macro   0x000000000000122b     0x1fc2 _build/nrf52840_xxaa/main.c.o
 .debug_macro   0x00000000000031ed      0x16d _build/nrf52840_xxaa/main.c.o
 .debug_macro   0x000000000000335a       0x22 _build/nrf52840_xxaa/main.c.o
 .debug_macro   0x000000000000337c       0x3b _build/nrf52840_xxaa/main.c.o
 .debug_macro   0x00000000000033b7       0x1c _build/nrf52840_xxaa/main.c.o
 .debug_macro   0x00000000000033d3       0x22 _build/nrf52840_xxaa/main.c.o
 .debug_macro   0x00000000000033f5      0x101 _build/nrf52840_xxaa/main.c.o
 .debug_macro   0x00000000000034f6     0x1011 _build/nrf52840_xxaa/main.c.o
 .debug_macro   0x0000000000004507      0x11f _build/nrf52840_xxaa/main.c.o
 .debug_macro   0x0000000000004626      0x410 _build/nrf52840_xxaa/main.c.o
 .debug_macro   0x0000000000004a36    0x10d6b _build/nrf52840_xxaa/main.c.o
 .debug_macro   0x00000000000157a1      0xa65 _build/nrf52840_xxaa/main.c.o
 .debug_macro   0x0000000000016206       0x96 _build/nrf52840_xxaa/main.c.o
 .debug_macro   0x000000000001629c       0x40 _build/nrf52840_xxaa/main.c.o
 .debug_macro   0x00000000000162dc      0x462 _build/nrf52840_xxaa/main.c.o
 .debug_macro   0x000000000001673e       0x59 _build/nrf52840_xxaa/main.c.o
 .debug_macro   0x0000000000016797      0xe54 _build/nrf52840_xxaa/main.c.o
 .debug_macro   0x00000000000175eb      0x154 _build/nrf52840_xxaa/main.c.o
 .debug_macro   0x000000000001773f       0x16 _build/nrf52840_xxaa/main.c.o
 .debug_macro   0x0000000000017755      0x16d _build/nrf52840_xxaa/main.c.o
 .debug_macro   0x00000000000178c2       0x22 _build/nrf52840_xxaa/main.c.o
 .debug_macro   0x00000000000178e4       0x16 _build/nrf52840_xxaa/main.c.o
 .debug_macro   0x00000000000178fa       0x2e _build/nrf52840_xxaa/main.c.o
 .debug_macro   0x0000000000017928      0x79e _build/nrf52840_xxaa/main.c.o
 .debug_macro   0x00000000000180c6       0x3f _build/nrf52840_xxaa/main.c.o
 .debug_macro   0x0000000000018105       0x22 _build/nrf52840_xxaa/main.c.o
 .debug_macro   0x0000000000018127       0x52 _build/nrf52840_xxaa/main.c.o
 .debug_macro   0x0000000000018179       0x18 _build/nrf52840_xxaa/main.c.o
 .debug_macro   0x0000000000018191       0x5c _build/nrf52840_xxaa/main.c.o
 .debug_macro   0x00000000000181ed       0x35 _build/nrf52840_xxaa/main.c.o
 .debug_macro   0x0000000000018222       0x34 _build/nrf52840_xxaa/main.c.o
 .debug_macro   0x0000000000018256       0x16 _build/nrf52840_xxaa/main.c.o
 .debug_macro   0x000000000001826c       0x57 _build/nrf52840_xxaa/main.c.o
 .debug_macro   0x00000000000182c3       0x35 _build/nrf52840_xxaa/main.c.o
 .debug_macro   0x00000000000182f8      0x356 _build/nrf52840_xxaa/main.c.o
 .debug_macro   0x000000000001864e       0x10 _build/nrf52840_xxaa/main.c.o
 .debug_macro   0x000000000001865e       0x16 _build/nrf52840_xxaa/main.c.o
 .debug_macro   0x0000000000018674       0x43 _build/nrf52840_xxaa/main.c.o
 .debug_macro   0x00000000000186b7       0x34 _build/nrf52840_xxaa/main.c.o
 .debug_macro   0x00000000000186eb       0x10 _build/nrf52840_xxaa/main.c.o
 .debug_macro   0x00000000000186fb       0x52 _build/nrf52840_xxaa/main.c.o
 .debug_macro   0x000000000001874d      0x182 _build/nrf52840_xxaa/main.c.o
 .debug_macro   0x00000000000188cf       0x10 _build/nrf52840_xxaa/main.c.o
 .debug_macro   0x00000000000188df       0x6a _build/nrf52840_xxaa/main.c.o
 .debug_macro   0x0000000000018949       0xb2 _build/nrf52840_xxaa/main.c.o
 .debug_macro   0x00000000000189fb       0x16 _build/nrf52840_xxaa/main.c.o
 .debug_macro   0x0000000000018a11      0x129 _build/nrf52840_xxaa/main.c.o
 .debug_macro   0x0000000000018b3a       0x8e _build/nrf52840_xxaa/main.c.o
 .debug_macro   0x0000000000018bc8       0xad _build/nrf52840_xxaa/main.c.o
 .debug_macro   0x0000000000018c75       0x49 _build/nrf52840_xxaa/main.c.o
 .debug_macro   0x0000000000018cbe       0x8c _build/nrf52840_xxaa/main.c.o
 .debug_macro   0x0000000000018d4a       0x19 _build/nrf52840_xxaa/main.c.o
 .debug_macro   0x0000000000018d63       0x1d _build/nrf52840_xxaa/main.c.o
 .debug_macro   0x0000000000018d80       0x35 _build/nrf52840_xxaa/main.c.o
 .debug_macro   0x0000000000018db5       0x7b _build/nrf52840_xxaa/main.c.o
 .debug_macro   0x0000000000018e30       0x64 _build/nrf52840_xxaa/main.c.o
 .debug_macro   0x0000000000018e94       0x20 _build/nrf52840_xxaa/main.c.o
 .debug_macro   0x0000000000018eb4       0x1c _build/nrf52840_xxaa/main.c.o
 .debug_macro   0x0000000000018ed0       0x1c _build/nrf52840_xxaa/main.c.o
 .debug_macro   0x0000000000018eec       0x1c _build/nrf52840_xxaa/main.c.o
 .debug_macro   0x0000000000018f08       0x17 _build/nrf52840_xxaa/main.c.o
 .debug_macro   0x0000000000018f1f       0x45 _build/nrf52840_xxaa/main.c.o
 .debug_macro   0x0000000000018f64       0x37 _build/nrf52840_xxaa/main.c.o
 .debug_macro   0x0000000000018f9b       0x55 _build/nrf52840_xxaa/main.c.o
 .debug_macro   0x0000000000018ff0       0x16 _build/nrf52840_xxaa/main.c.o
 .debug_macro   0x0000000000019006       0x42 _build/nrf52840_xxaa/main.c.o
 .debug_macro   0x0000000000019048       0x16 _build/nrf52840_xxaa/main.c.o
 .debug_macro   0x000000000001905e      0x10f _build/nrf52840_xxaa/system_nrf52840.c.o
 .debug_macro   0x000000000001916d      0x44e _build/nrf52840_xxaa/system_nrf52840.c.o
 .debug_macro   0x00000000000195bb      0xa28 _build/nrf52840_xxaa/system_nrf52840.c.o
 .debug_macro   0x0000000000019fe3      0x520 _build/nrf52840_xxaa/system_nrf52840.c.o
 .debug_macro   0x000000000001a503      0x164 _build/nrf52840_xxaa/system_nrf52840.c.o
 .debug_macro   0x000000000001a667       0x10 _build/nrf52840_xxaa/system_nrf52840.c.o
 .debug_macro   0x000000000001a677      0x3d4 _build/nrf52840_xxaa/nrfx_pwm.c.o
 .debug_macro   0x000000000001aa4b       0x22 _build/nrf52840_xxaa/nrfx_pwm.c.o
 .debug_macro   0x000000000001aa6d       0x1c _build/nrf52840_xxaa/nrfx_pwm.c.o
 .debug_macro   0x000000000001aa89       0x16 _build/nrf52840_xxaa/nrfx_pwm.c.o
 .debug_macro   0x000000000001aa9f       0x22 _build/nrf52840_xxaa/nrfx_pwm.c.o
 .debug_macro   0x000000000001aac1       0x5b _build/nrf52840_xxaa/nrfx_pwm.c.o
 .debug_macro   0x000000000001ab1c       0x10 _build/nrf52840_xxaa/nrfx_pwm.c.o
 .debug_macro   0x000000000001ab2c      0x179 _build/nrf52840_xxaa/nrfx_pwm.c.o
 .debug_macro   0x000000000001aca5       0x9a _build/nrf52840_xxaa/nrfx_pwm.c.o
 .debug_macro   0x000000000001ad3f       0x42 _build/nrf52840_xxaa/nrfx_pwm.c.o
 .debug_macro   0x000000000001ad81      0x41f _build/nrf52840_xxaa/nrfx_gpiote.c.o
 .debug_macro   0x000000000001b1a0       0x16 _build/nrf52840_xxaa/nrfx_gpiote.c.o
 .debug_macro   0x000000000001b1b6      0x33e _build/nrf52840_xxaa/nrfx_power.c.o
 .debug_macro   0x000000000001b4f4       0x2e _build/nrf52840_xxaa/nrfx_power.c.o
 .debug_macro   0x000000000001b522      0x3e2 _build/nrf52840_xxaa/nrfx_clock.c.o
 .debug_macro   0x000000000001b904      0x21f _build/nrf52840_xxaa/app_util_platform.c.o
 .debug_macro   0x000000000001bb23       0xe9 _build/nrf52840_xxaa/app_util_platform.c.o
 .debug_macro   0x000000000001bc0c      0x407 _build/nrf52840_xxaa/app_timer2.c.o
 .debug_macro   0x000000000001c013       0x27 _build/nrf52840_xxaa/app_timer2.c.o
 .debug_macro   0x000000000001c03a       0x45 _build/nrf52840_xxaa/app_timer2.c.o
 .debug_macro   0x000000000001c07f       0xac _build/nrf52840_xxaa/app_timer2.c.o
 .debug_macro   0x000000000001c12b       0x2e _build/nrf52840_xxaa/app_timer2.c.o
 .debug_macro   0x000000000001c159       0x28 _build/nrf52840_xxaa/app_timer2.c.o
 .debug_macro   0x000000000001c181      0x3ed _build/nrf52840_xxaa/drv_rtc.c.o
 .debug_macro   0x000000000001c56e       0x10 _build/nrf52840_xxaa/drv_rtc.c.o
 .debug_macro   0x000000000001c57e      0x287 _build/nrf52840_xxaa/nrf_atfifo.c.o
 .debug_macro   0x000000000001c805      0x27b _build/nrf52840_xxaa/nrf_sortlist.c.o

.debug_frame    0x0000000000000000      0xf00
 .debug_frame   0x0000000000000000      0x128 _build/nrf52840_xxaa/main.c.o
 .debug_frame   0x0000000000000128       0x5c _build/nrf52840_xxaa/system_nrf52840.c.o
 .debug_frame   0x0000000000000184      0x130 _build/nrf52840_xxaa/nrfx_pwm.c.o
 .debug_frame   0x00000000000002b4      0x2d4 _build/nrf52840_xxaa/nrfx_gpiote.c.o
 .debug_frame   0x0000000000000588      0x188 _build/nrf52840_xxaa/nrfx_power.c.o
 .debug_frame   0x0000000000000710      0x140 _build/nrf52840_xxaa/nrfx_clock.c.o
 .debug_frame   0x0000000000000850       0x70 _build/nrf52840_xxaa/app_util_platform.c.o
 .debug_frame   0x00000000000008c0      0x168 _build/nrf52840_xxaa/app_timer2.c.o
 .debug_frame   0x0000000000000a28      0x1c4 _build/nrf52840_xxaa/drv_rtc.c.o
 .debug_frame   0x0000000000000bec      0x134 _build/nrf52840_xxaa/nrf_atfifo.c.o
 .debug_frame   0x0000000000000d20       0x6c _build/nrf52840_xxaa/nrf_sortlist.c.o
 .debug_frame   0x0000000000000d8c       0x20 /usr/lib/gcc/arm-none-eabi/9.2.1/../../../arm-none-eabi/lib/thumb/v7e-m+fp/hard/libc_nano.a(lib_a-atexit.o)
 .debug_frame   0x0000000000000dac       0x28 /usr/lib/gcc/arm-none-eabi/9.2.1/../../../arm-none-eabi/lib/thumb/v7e-m+fp/hard/libc_nano.a(lib_a-exit.o)
 .debug_frame   0x0000000000000dd4       0x34 /usr/lib/gcc/arm-none-eabi/9.2.1/../../../arm-none-eabi/lib/thumb/v7e-m+fp/hard/libc_nano.a(lib_a-fini.o)
 .debug_frame   0x0000000000000e08       0x2c /usr/lib/gcc/arm-none-eabi/9.2.1/../../../arm-none-eabi/lib/thumb/v7e-m+fp/hard/libc_nano.a(lib_a-init.o)
 .debug_frame   0x0000000000000e34       0x38 /usr/lib/gcc/arm-none-eabi/9.2.1/../../../arm-none-eabi/lib/thumb/v7e-m+fp/hard/libc_nano.a(lib_a-memset.o)
 .debug_frame   0x0000000000000e6c       0x34 /usr/lib/gcc/arm-none-eabi/9.2.1/../../../arm-none-eabi/lib/thumb/v7e-m+fp/hard/libc_nano.a(lib_a-__atexit.o)
 .debug_frame   0x0000000000000ea0       0x40 /usr/lib/gcc/arm-none-eabi/9.2.1/../../../arm-none-eabi/lib/thumb/v7e-m+fp/hard/libc_nano.a(lib_a-__call_atexit.o)
 .debug_frame   0x0000000000000ee0       0x20 /usr/lib/gcc/arm-none-eabi/9.2.1/../../../arm-none-eabi/lib/thumb/v7e-m+fp/hard/libnosys.a(_exit.o)
